Archive member included to satisfy reference by file (symbol)

d:/software installed/true studio/truestudio for arm 7.0.1/armtools/bin/../lib/gcc/arm-atollic-eabi/5.3.1/../../../../arm-atollic-eabi/lib/armv7-m\libc_nano.a(lib_a-atoi.o)
                              Libraries\My Library\Chicken_Func.o (atoi)
d:/software installed/true studio/truestudio for arm 7.0.1/armtools/bin/../lib/gcc/arm-atollic-eabi/5.3.1/../../../../arm-atollic-eabi/lib/armv7-m\libc_nano.a(lib_a-init.o)
                              src\startup_stm32f10x_md.o (__libc_init_array)
d:/software installed/true studio/truestudio for arm 7.0.1/armtools/bin/../lib/gcc/arm-atollic-eabi/5.3.1/../../../../arm-atollic-eabi/lib/armv7-m\libc_nano.a(lib_a-itoa.o)
                              Libraries\My Library\Chicken_Func.o (itoa)
d:/software installed/true studio/truestudio for arm 7.0.1/armtools/bin/../lib/gcc/arm-atollic-eabi/5.3.1/../../../../arm-atollic-eabi/lib/armv7-m\libc_nano.a(lib_a-rand.o)
                              Libraries\My Library\Chicken_Func.o (srand)
d:/software installed/true studio/truestudio for arm 7.0.1/armtools/bin/../lib/gcc/arm-atollic-eabi/5.3.1/../../../../arm-atollic-eabi/lib/armv7-m\libc_nano.a(lib_a-strcat.o)
                              Libraries\My Library\Chicken_Func.o (strcat)
d:/software installed/true studio/truestudio for arm 7.0.1/armtools/bin/../lib/gcc/arm-atollic-eabi/5.3.1/../../../../arm-atollic-eabi/lib/armv7-m\libc_nano.a(lib_a-strcmp.o)
                              Libraries\My Library\Chicken_Func.o (strcmp)
d:/software installed/true studio/truestudio for arm 7.0.1/armtools/bin/../lib/gcc/arm-atollic-eabi/5.3.1/../../../../arm-atollic-eabi/lib/armv7-m\libc_nano.a(lib_a-strlen.o)
                              Libraries\My Library\Chicken_Func.o (strlen)
d:/software installed/true studio/truestudio for arm 7.0.1/armtools/bin/../lib/gcc/arm-atollic-eabi/5.3.1/../../../../arm-atollic-eabi/lib/armv7-m\libc_nano.a(lib_a-strtol.o)
                              d:/software installed/true studio/truestudio for arm 7.0.1/armtools/bin/../lib/gcc/arm-atollic-eabi/5.3.1/../../../../arm-atollic-eabi/lib/armv7-m\libc_nano.a(lib_a-atoi.o) (_strtol_r)
d:/software installed/true studio/truestudio for arm 7.0.1/armtools/bin/../lib/gcc/arm-atollic-eabi/5.3.1/../../../../arm-atollic-eabi/lib/armv7-m\libc_nano.a(lib_a-utoa.o)
                              d:/software installed/true studio/truestudio for arm 7.0.1/armtools/bin/../lib/gcc/arm-atollic-eabi/5.3.1/../../../../arm-atollic-eabi/lib/armv7-m\libc_nano.a(lib_a-itoa.o) (__utoa)
d:/software installed/true studio/truestudio for arm 7.0.1/armtools/bin/../lib/gcc/arm-atollic-eabi/5.3.1/../../../../arm-atollic-eabi/lib/armv7-m\libc_nano.a(lib_a-ctype_.o)
                              d:/software installed/true studio/truestudio for arm 7.0.1/armtools/bin/../lib/gcc/arm-atollic-eabi/5.3.1/../../../../arm-atollic-eabi/lib/armv7-m\libc_nano.a(lib_a-strtol.o) (__ctype_ptr__)
d:/software installed/true studio/truestudio for arm 7.0.1/armtools/bin/../lib/gcc/arm-atollic-eabi/5.3.1/../../../../arm-atollic-eabi/lib/armv7-m\libc_nano.a(lib_a-impure.o)
                              d:/software installed/true studio/truestudio for arm 7.0.1/armtools/bin/../lib/gcc/arm-atollic-eabi/5.3.1/../../../../arm-atollic-eabi/lib/armv7-m\libc_nano.a(lib_a-rand.o) (_impure_ptr)
d:/software installed/true studio/truestudio for arm 7.0.1/armtools/bin/../lib/gcc/arm-atollic-eabi/5.3.1/../../../../arm-atollic-eabi/lib/armv7-m\libc_nano.a(lib_a-malloc.o)
                              d:/software installed/true studio/truestudio for arm 7.0.1/armtools/bin/../lib/gcc/arm-atollic-eabi/5.3.1/../../../../arm-atollic-eabi/lib/armv7-m\libc_nano.a(lib_a-rand.o) (malloc)
d:/software installed/true studio/truestudio for arm 7.0.1/armtools/bin/../lib/gcc/arm-atollic-eabi/5.3.1/../../../../arm-atollic-eabi/lib/armv7-m\libc_nano.a(lib_a-nano-freer.o)
                              d:/software installed/true studio/truestudio for arm 7.0.1/armtools/bin/../lib/gcc/arm-atollic-eabi/5.3.1/../../../../arm-atollic-eabi/lib/armv7-m\libc_nano.a(lib_a-malloc.o) (_free_r)
d:/software installed/true studio/truestudio for arm 7.0.1/armtools/bin/../lib/gcc/arm-atollic-eabi/5.3.1/../../../../arm-atollic-eabi/lib/armv7-m\libc_nano.a(lib_a-nano-mallocr.o)
                              d:/software installed/true studio/truestudio for arm 7.0.1/armtools/bin/../lib/gcc/arm-atollic-eabi/5.3.1/../../../../arm-atollic-eabi/lib/armv7-m\libc_nano.a(lib_a-malloc.o) (_malloc_r)
d:/software installed/true studio/truestudio for arm 7.0.1/armtools/bin/../lib/gcc/arm-atollic-eabi/5.3.1/../../../../arm-atollic-eabi/lib/armv7-m\libc_nano.a(lib_a-sbrkr.o)
                              d:/software installed/true studio/truestudio for arm 7.0.1/armtools/bin/../lib/gcc/arm-atollic-eabi/5.3.1/../../../../arm-atollic-eabi/lib/armv7-m\libc_nano.a(lib_a-nano-mallocr.o) (_sbrk_r)
[...]
Memory Configuration

Name             Origin             Length             Attributes
FLASH            0x08000000         0x00010000         xr
RAM              0x20000000         0x00005000         xrw
MEMORY_B1        0x60000000         0x00000000         xr
*default*        0x00000000         0xffffffff

Linker script and memory map

LOAD d:/software installed/true studio/truestudio for arm 7.0.1/armtools/bin/../lib/gcc/arm-atollic-eabi/5.3.1/armv7-m/crti.o
LOAD d:/software installed/true studio/truestudio for arm 7.0.1/armtools/bin/../lib/gcc/arm-atollic-eabi/5.3.1/armv7-m/crtbegin.o
LOAD Libraries\My Library\ADC.o
LOAD Libraries\My Library\AT24C02.o
LOAD Libraries\My Library\Chicken_Func.o
LOAD Libraries\My Library\DS3231.o
LOAD Libraries\My Library\GPIO.o
LOAD Libraries\My Library\IWDG.o
LOAD Libraries\My Library\LCD.o
LOAD Libraries\My Library\RCC.o
LOAD Libraries\My Library\RTC.o
LOAD Libraries\My Library\TIMER.o
LOAD Libraries\My Library\USART.o
LOAD Libraries\My Library\sht2x.o
LOAD Libraries\STM32F10x_StdPeriph_Driver\src\misc.o
LOAD Libraries\STM32F10x_StdPeriph_Driver\src\stm32f10x_adc.o
LOAD Libraries\STM32F10x_StdPeriph_Driver\src\stm32f10x_bkp.o
LOAD Libraries\STM32F10x_StdPeriph_Driver\src\stm32f10x_can.o
LOAD Libraries\STM32F10x_StdPeriph_Driver\src\stm32f10x_cec.o
LOAD Libraries\STM32F10x_StdPeriph_Driver\src\stm32f10x_crc.o
LOAD Libraries\STM32F10x_StdPeriph_Driver\src\stm32f10x_dac.o
LOAD Libraries\STM32F10x_StdPeriph_Driver\src\stm32f10x_dbgmcu.o
LOAD Libraries\STM32F10x_StdPeriph_Driver\src\stm32f10x_dma.o
LOAD Libraries\STM32F10x_StdPeriph_Driver\src\stm32f10x_exti.o
LOAD Libraries\STM32F10x_StdPeriph_Driver\src\stm32f10x_flash.o
LOAD Libraries\STM32F10x_StdPeriph_Driver\src\stm32f10x_fsmc.o
LOAD Libraries\STM32F10x_StdPeriph_Driver\src\stm32f10x_gpio.o
LOAD Libraries\STM32F10x_StdPeriph_Driver\src\stm32f10x_i2c.o
LOAD Libraries\STM32F10x_StdPeriph_Driver\src\stm32f10x_iwdg.o
LOAD Libraries\STM32F10x_StdPeriph_Driver\src\stm32f10x_pwr.o
LOAD Libraries\STM32F10x_StdPeriph_Driver\src\stm32f10x_rcc.o
LOAD Libraries\STM32F10x_StdPeriph_Driver\src\stm32f10x_rtc.o
LOAD Libraries\STM32F10x_StdPeriph_Driver\src\stm32f10x_sdio.o
LOAD Libraries\STM32F10x_StdPeriph_Driver\src\stm32f10x_spi.o
LOAD Libraries\STM32F10x_StdPeriph_Driver\src\stm32f10x_tim.o
LOAD Libraries\STM32F10x_StdPeriph_Driver\src\stm32f10x_usart.o
LOAD Libraries\STM32F10x_StdPeriph_Driver\src\stm32f10x_wwdg.o
LOAD src\main.o
LOAD src\startup_stm32f10x_md.o
LOAD src\stm32f1xx_it.o
LOAD src\system_stm32f10x.o
LOAD src\tiny_printf.o
START GROUP
LOAD d:/software installed/true studio/truestudio for arm 7.0.1/armtools/bin/../lib/gcc/arm-atollic-eabi/5.3.1/../../../../arm-atollic-eabi/lib/armv7-m\libc_nano.a
LOAD d:/software installed/true studio/truestudio for arm 7.0.1/armtools/bin/../lib/gcc/arm-atollic-eabi/5.3.1/../../../../arm-atollic-eabi/lib/armv7-m\libm.a
END GROUP
                0x00000080                malloc_getpagesize_P = 0x80
START GROUP
LOAD d:/software installed/true studio/truestudio for arm 7.0.1/armtools/bin/../lib/gcc/arm-atollic-eabi/5.3.1/armv7-m\libgcc.a
LOAD d:/software installed/true studio/truestudio for arm 7.0.1/armtools/bin/../lib/gcc/arm-atollic-eabi/5.3.1/../../../../arm-atollic-eabi/lib/armv7-m\libc_nano.a
END GROUP
START GROUP
LOAD d:/software installed/true studio/truestudio for arm 7.0.1/armtools/bin/../lib/gcc/arm-atollic-eabi/5.3.1/armv7-m\libgcc.a
LOAD d:/software installed/true studio/truestudio for arm 7.0.1/armtools/bin/../lib/gcc/arm-atollic-eabi/5.3.1/../../../../arm-atollic-eabi/lib/armv7-m\libc_nano.a
LOAD d:/software installed/true studio/truestudio for arm 7.0.1/armtools/bin/../lib/gcc/arm-atollic-eabi/5.3.1/../../../../arm-atollic-eabi/lib/armv7-m\libnosys.a
END GROUP
START GROUP
LOAD d:/software installed/true studio/truestudio for arm 7.0.1/armtools/bin/../lib/gcc/arm-atollic-eabi/5.3.1/armv7-m\libgcc.a
LOAD d:/software installed/true studio/truestudio for arm 7.0.1/armtools/bin/../lib/gcc/arm-atollic-eabi/5.3.1/../../../../arm-atollic-eabi/lib/armv7-m\libc_nano.a
LOAD d:/software installed/true studio/truestudio for arm 7.0.1/armtools/bin/../lib/gcc/arm-atollic-eabi/5.3.1/../../../../arm-atollic-eabi/lib/armv7-m\libnosys.a
END GROUP
LOAD d:/software installed/true studio/truestudio for arm 7.0.1/armtools/bin/../lib/gcc/arm-atollic-eabi/5.3.1/armv7-m/crtend.o
LOAD d:/software installed/true studio/truestudio for arm 7.0.1/armtools/bin/../lib/gcc/arm-atollic-eabi/5.3.1/armv7-m/crtn.o
                0x20005000                _estack = 0x20005000
                0x00000000                _Min_Heap_Size = 0x0
                0x00000100                _Min_Stack_Size = 0x100

.isr_vector     0x08000000      0x10c
                0x08000000                . = ALIGN (0x4)
 *(.isr_vector)
 .isr_vector    0x08000000      0x10c src\startup_stm32f10x_md.o
                0x08000000                g_pfnVectors
                0x0800010c                . = ALIGN (0x4)

.text           0x08000110     0x7144
                0x08000110                . = ALIGN (0x4)
 *(.text)
 .text          0x08000110       0x40 d:/software installed/true studio/truestudio for arm 7.0.1/armtools/bin/../lib/gcc/arm-atollic-eabi/5.3.1/armv7-m/crtbegin.o
 .text          0x08000150       0x14 d:/software installed/true studio/truestudio for arm 7.0.1/armtools/bin/../lib/gcc/arm-atollic-eabi/5.3.1/../../../../arm-atollic-eabi/lib/armv7-m\libc_nano.a(lib_a-strcmp.o)
                0x08000150                strcmp
 .text          0x08000164       0x10 d:/software installed/true studio/truestudio for arm 7.0.1/armtools/bin/../lib/gcc/arm-atollic-eabi/5.3.1/../../../../arm-atollic-eabi/lib/armv7-m\libc_nano.a(lib_a-strlen.o)
                0x08000164                strlen
 .text          0x08000174      0x370 d:/software installed/true studio/truestudio for arm 7.0.1/armtools/bin/../lib/gcc/arm-atollic-eabi/5.3.1/armv7-m\libgcc.a(_arm_addsubdf3.o)
                0x08000174                __aeabi_drsub
                0x0800017c                __aeabi_dsub
                0x0800017c                __subdf3
                0x08000180                __aeabi_dadd
                0x08000180                __adddf3
                0x080003f8                __floatunsidf
                0x080003f8                __aeabi_ui2d
                0x08000418                __floatsidf
                0x08000418                __aeabi_i2d
                0x0800043c                __aeabi_f2d
                0x0800043c                __extendsfdf2
                0x08000478                __floatundidf
                0x08000478                __aeabi_ul2d
                0x08000488                __floatdidf
                0x08000488                __aeabi_l2d
 .text          0x080004e4      0x424 d:/software installed/true studio/truestudio for arm 7.0.1/armtools/bin/../lib/gcc/arm-atollic-eabi/5.3.1/armv7-m\libgcc.a(_arm_muldivdf3.o)
                0x080004e4                __aeabi_dmul
                0x080004e4                __muldf3
                0x08000738                __divdf3
                0x08000738                __aeabi_ddiv
 .text          0x08000908      0x110 d:/software installed/true studio/truestudio for arm 7.0.1/armtools/bin/../lib/gcc/arm-atollic-eabi/5.3.1/armv7-m\libgcc.a(_arm_cmpdf2.o)
                0x08000908                __gtdf2
                0x08000908                __gedf2
                0x08000910                __ltdf2
                0x08000910                __ledf2
                0x08000918                __nedf2
                0x08000918                __eqdf2
                0x08000918                __cmpdf2
                0x08000994                __aeabi_cdrcmple
                0x080009a4                __aeabi_cdcmpeq
                0x080009a4                __aeabi_cdcmple
                0x080009b4                __aeabi_dcmpeq
                0x080009c8                __aeabi_dcmplt
                0x080009dc                __aeabi_dcmple
                0x080009f0                __aeabi_dcmpge
                0x08000a04                __aeabi_dcmpgt
 .text          0x08000a18       0x2c d:/software installed/true studio/truestudio for arm 7.0.1/armtools/bin/../lib/gcc/arm-atollic-eabi/5.3.1/armv7-m\libgcc.a(_arm_unorddf2.o)
                0x08000a18                __unorddf2
                0x08000a18                __aeabi_dcmpun
 .text          0x08000a44       0xa0 d:/software installed/true studio/truestudio for arm 7.0.1/armtools/bin/../lib/gcc/arm-atollic-eabi/5.3.1/armv7-m\libgcc.a(_arm_truncdfsf2.o)
                0x08000a44                __truncdfsf2
                0x08000a44                __aeabi_d2f
 .text          0x08000ae4      0x21c d:/software installed/true studio/truestudio for arm 7.0.1/armtools/bin/../lib/gcc/arm-atollic-eabi/5.3.1/armv7-m\libgcc.a(_arm_addsubsf3.o)
                0x08000ae4                __aeabi_frsub
                0x08000aec                __subsf3
                0x08000aec                __aeabi_fsub
                0x08000af0                __aeabi_fadd
                0x08000af0                __addsf3
                0x08000c50                __aeabi_ui2f
                0x08000c50                __floatunsisf
                0x08000c58                __aeabi_i2f
                0x08000c58                __floatsisf
                0x08000c74                __aeabi_ul2f
                0x08000c74                __floatundisf
                0x08000c84                __aeabi_l2f
                0x08000c84                __floatdisf
 .text          0x08000d00      0x2a0 d:/software installed/true studio/truestudio for arm 7.0.1/armtools/bin/../lib/gcc/arm-atollic-eabi/5.3.1/armv7-m\libgcc.a(_arm_muldivsf3.o)
                0x08000d00                __mulsf3
                0x08000d00                __aeabi_fmul
                0x08000e68                __aeabi_fdiv
                0x08000e68                __divsf3
 .text          0x08000fa0       0xec d:/software installed/true studio/truestudio for arm 7.0.1/armtools/bin/../lib/gcc/arm-atollic-eabi/5.3.1/armv7-m\libgcc.a(_arm_cmpsf2.o)
                0x08000fa0                __gesf2
                0x08000fa0                __gtsf2
                0x08000fa8                __lesf2
                0x08000fa8                __ltsf2
                0x08000fb0                __nesf2
                0x08000fb0                __eqsf2
                0x08000fb0                __cmpsf2
                0x08001010                __aeabi_cfrcmple
                0x08001018                __aeabi_cfcmpeq
                0x08001018                __aeabi_cfcmple
                0x08001028                __aeabi_fcmpeq
                0x0800103c                __aeabi_fcmplt
                0x08001050                __aeabi_fcmple
                0x08001064                __aeabi_fcmpge
                0x08001078                __aeabi_fcmpgt
 .text          0x0800108c       0x4c d:/software installed/true studio/truestudio for arm 7.0.1/armtools/bin/../lib/gcc/arm-atollic-eabi/5.3.1/armv7-m\libgcc.a(_arm_fixsfsi.o)
                0x0800108c                __aeabi_f2iz
                0x0800108c                __fixsfsi
 .text          0x080010d8       0x40 d:/software installed/true studio/truestudio for arm 7.0.1/armtools/bin/../lib/gcc/arm-atollic-eabi/5.3.1/armv7-m\libgcc.a(_arm_fixunssfsi.o)
                0x080010d8                __fixunssfsi
                0x080010d8                __aeabi_f2uiz
 *(.text*)
 .text.AT24C02_Write
                0x08001118       0xcc Libraries\My Library\AT24C02.o
                0x08001118                AT24C02_Write
 .text.AT24C02_Read
                0x080011e4      0x118 Libraries\My Library\AT24C02.o
                0x080011e4                AT24C02_Read
 .text.NVIC_EnableIRQ
                0x080012fc       0x30 Libraries\My Library\Chicken_Func.o
 .text.Chicken_Init
                0x0800132c      0x20c Libraries\My Library\Chicken_Func.o
                0x0800132c                Chicken_Init
 .text.Chicken_MainMenu
                0x08001538       0xa8 Libraries\My Library\Chicken_Func.o
                0x08001538                Chicken_MainMenu
 .text.Chicken_MenuEggSelect
                0x080015e0       0xa8 Libraries\My Library\Chicken_Func.o
                0x080015e0                Chicken_MenuEggSelect
 .text.Chicken_MenuConfigDate
                0x08001688      0x150 Libraries\My Library\Chicken_Func.o
                0x08001688                Chicken_MenuConfigDate
 .text.Chicken_MenuStartIncubator
                0x080017d8      0x154 Libraries\My Library\Chicken_Func.o
                0x080017d8                Chicken_MenuStartIncubator
 .text.Chicken_Monitoring
                0x0800192c       0x70 Libraries\My Library\Chicken_Func.o
                0x0800192c                Chicken_Monitoring
 .text.Chicken_MonitoringHumiTemp
                0x0800199c       0x88 Libraries\My Library\Chicken_Func.o
                0x0800199c                Chicken_MonitoringHumiTemp
 .text.Chicken_MonitoringTimeNow
                0x08001a24      0x168 Libraries\My Library\Chicken_Func.o
                0x08001a24                Chicken_MonitoringTimeNow
 .text.Chicken_MonitoringTimeStartIncubator
                0x08001b8c      0x170 Libraries\My Library\Chicken_Func.o
                0x08001b8c                Chicken_MonitoringTimeStartIncubator
 .text.Chicken_MonitoringTimeStopIncubator
                0x08001cfc      0x19c Libraries\My Library\Chicken_Func.o
                0x08001cfc                Chicken_MonitoringTimeStopIncubator
 .text.Chicken_MonitoringTypePeriod
                0x08001e98       0x78 Libraries\My Library\Chicken_Func.o
                0x08001e98                Chicken_MonitoringTypePeriod
 .text.Chicken_ControlTempFan
                0x08001f10       0xd8 Libraries\My Library\Chicken_Func.o
                0x08001f10                Chicken_ControlTempFan
 .text.Chicken_ControlTempHeater
                0x08001fe8       0xb0 Libraries\My Library\Chicken_Func.o
                0x08001fe8                Chicken_ControlTempHeater
 .text.Chicken_CalculateNextDay
                0x08002098      0x10c Libraries\My Library\Chicken_Func.o
                0x08002098                Chicken_CalculateNextDay
 .text.Chicken_SetAlarmNextDay
                0x080021a4       0xc0 Libraries\My Library\Chicken_Func.o
                0x080021a4                Chicken_SetAlarmNextDay
 .text.Chicken_CalculateTypePeriod
                0x08002264       0x44 Libraries\My Library\Chicken_Func.o
                0x08002264                Chicken_CalculateTypePeriod
 .text.USART_SendChar
                0x080022a8       0x38 Libraries\My Library\Chicken_Func.o
                0x080022a8                USART_SendChar
 .text.USART_GetChar
                0x080022e0       0x30 Libraries\My Library\Chicken_Func.o
                0x080022e0                USART_GetChar
 .text.USART_Printf
                0x08002310       0x44 Libraries\My Library\Chicken_Func.o
                0x08002310                USART_Printf
 .text.USART_Scanf
                0x08002354       0x4c Libraries\My Library\Chicken_Func.o
                0x08002354                USART_Scanf
 .text.Chicken_SelectEgg
                0x080023a0      0x1a4 Libraries\My Library\Chicken_Func.o
                0x080023a0                Chicken_SelectEgg
 .text.Chicken_EggInfo
                0x08002544      0x17c Libraries\My Library\Chicken_Func.o
                0x08002544                Chicken_EggInfo
 .text.Chicken_Core
                0x080026c0      0x164 Libraries\My Library\Chicken_Func.o
                0x080026c0                Chicken_Core
 .text.Chicken_Delay
                0x08002824       0x34 Libraries\My Library\Chicken_Func.o
                0x08002824                Chicken_Delay
 .text.TIM2_IRQHandler
                0x08002858       0x24 Libraries\My Library\Chicken_Func.o
                0x08002858                TIM2_IRQHandler
 .text.reverse  0x0800287c       0x5c Libraries\My Library\Chicken_Func.o
                0x0800287c                reverse
 .text.intToStr
                0x080028d8       0x90 Libraries\My Library\Chicken_Func.o
                0x080028d8                intToStr
 .text.ftoa     0x08002968       0xa4 Libraries\My Library\Chicken_Func.o
                0x08002968                ftoa
 .text.DS3231_WriteDateTime
                0x08002a0c      0x164 Libraries\My Library\DS3231.o
                0x08002a0c                DS3231_WriteDateTime
 .text.DS3231_ReadDateTime
                0x08002b70      0x1f4 Libraries\My Library\DS3231.o
                0x08002b70                DS3231_ReadDateTime
 .text.DS3231_SetAlarm1
                0x08002d64      0x1b8 Libraries\My Library\DS3231.o
                0x08002d64                DS3231_SetAlarm1
 .text.DS3231_GetAlarm1
                0x08002f1c      0x1a0 Libraries\My Library\DS3231.o
                0x08002f1c                DS3231_GetAlarm1
 .text.DS3231_ReadFlag
                0x080030bc      0x130 Libraries\My Library\DS3231.o
                0x080030bc                DS3231_ReadFlag
 .text.DS3231_ClearFlag
                0x080031ec      0x128 Libraries\My Library\DS3231.o
                0x080031ec                DS3231_ClearFlag
 .text.Init_PIN
                0x08003314      0x778 Libraries\My Library\GPIO.o
                0x08003314                Init_PIN
 .text.Set_PIN  0x08003a8c      0x134 Libraries\My Library\GPIO.o
                0x08003a8c                Set_PIN
 .text.Reset_PIN
                0x08003bc0      0x13c Libraries\My Library\GPIO.o
                0x08003bc0                Reset_PIN
 .text.IWDG_Init
                0x08003cfc       0xa8 Libraries\My Library\IWDG.o
                0x08003cfc                IWDG_Init
 .text.IWDG_Reset
                0x08003da4       0x18 Libraries\My Library\IWDG.o
                0x08003da4                IWDG_Reset
 .text.LCD_Delay
                0x08003dbc       0x34 Libraries\My Library\LCD.o
                0x08003dbc                LCD_Delay
 .text.LCD_8BIT_Init
                0x08003df0       0xe8 Libraries\My Library\LCD.o
                0x08003df0                LCD_8BIT_Init
 .text.LCD_Command
                0x08003ed8       0x74 Libraries\My Library\LCD.o
                0x08003ed8                LCD_Command
 .text.LCD_PutChar
                0x08003f4c       0x74 Libraries\My Library\LCD.o
                0x08003f4c                LCD_PutChar
 .text.LCD_Printf
                0x08003fc0       0x40 Libraries\My Library\LCD.o
                0x08003fc0                LCD_Printf
 .text.LCD_CLS  0x08004000       0x18 Libraries\My Library\LCD.o
                0x08004000                LCD_CLS
 .text.LCD_Home
                0x08004018       0x18 Libraries\My Library\LCD.o
                0x08004018                LCD_Home
 .text.LCD_XY   0x08004030       0x5c Libraries\My Library\LCD.o
                0x08004030                LCD_XY
 .text.Set_PIN_LCD
                0x0800408c      0x104 Libraries\My Library\LCD.o
                0x0800408c                Set_PIN_LCD
 .text.Reset_PIN_LCD
                0x08004190      0x104 Libraries\My Library\LCD.o
                0x08004190                Reset_PIN_LCD
 .text.PLL_ON   0x08004294       0x40 Libraries\My Library\RCC.o
                0x08004294                PLL_ON
 .text.PLL_OFF  0x080042d4       0x58 Libraries\My Library\RCC.o
                0x080042d4                PLL_OFF
 .text.PLL_MUL  0x0800432c       0x48 Libraries\My Library\RCC.o
                0x0800432c                PLL_MUL
 .text.PLL_SRC_Sel
                0x08004374       0x5c Libraries\My Library\RCC.o
                0x08004374                PLL_SRC_Sel
 .text.Src_Sys_Clk
                0x080043d0       0x54 Libraries\My Library\RCC.o
                0x080043d0                Src_Sys_Clk
 .text.AHB_Div  0x08004424      0x1f8 Libraries\My Library\RCC.o
                0x08004424                AHB_Div
 .text.APB1_APB2_Div
                0x0800461c      0x25c Libraries\My Library\RCC.o
                0x0800461c                APB1_APB2_Div
 .text.SetPeriphAPB2
                0x08004878       0x34 Libraries\My Library\RCC.o
                0x08004878                SetPeriphAPB2
 .text.SetPeriphAPB1
                0x080048ac       0x34 Libraries\My Library\RCC.o
                0x080048ac                SetPeriphAPB1
 .text.TimPinOutInit
                0x080048e0       0x24 Libraries\My Library\TIMER.o
                0x080048e0                TimPinOutInit
 .text.Tim1_PWM_Enable
                0x08004904      0x1bc Libraries\My Library\TIMER.o
                0x08004904                Tim1_PWM_Enable
 .text.Tim2Enable
                0x08004ac0      0x39c Libraries\My Library\TIMER.o
                0x08004ac0                Tim2Enable
 .text.PWM_SetCCR
                0x08004e5c      0x12c Libraries\My Library\TIMER.o
                0x08004e5c                PWM_SetCCR
 .text.PWM_GetCCR
                0x08004f88       0xb4 Libraries\My Library\TIMER.o
                0x08004f88                PWM_GetCCR
 .text.USART1_SendChar
                0x0800503c       0x40 Libraries\My Library\USART.o
                0x0800503c                USART1_SendChar
 .text.USART1_Printf
                0x0800507c       0x3c Libraries\My Library\USART.o
                0x0800507c                USART1_Printf
 .text.SHT_ReadTemp
                0x080050b8      0x1b0 Libraries\My Library\sht2x.o
                0x080050b8                SHT_ReadTemp
 .text.SHT_ReadHumidity
                0x08005268      0x188 Libraries\My Library\sht2x.o
                0x08005268                SHT_ReadHumidity
 .text.I2C_Init
                0x080053f0      0x184 Libraries\STM32F10x_StdPeriph_Driver\src\stm32f10x_i2c.o
                0x080053f0                I2C_Init
 .text.I2C_Cmd  0x08005574       0x40 Libraries\STM32F10x_StdPeriph_Driver\src\stm32f10x_i2c.o
                0x08005574                I2C_Cmd
 .text.I2C_GenerateSTART
                0x080055b4       0x40 Libraries\STM32F10x_StdPeriph_Driver\src\stm32f10x_i2c.o
                0x080055b4                I2C_GenerateSTART
 .text.I2C_GenerateSTOP
                0x080055f4       0x40 Libraries\STM32F10x_StdPeriph_Driver\src\stm32f10x_i2c.o
                0x080055f4                I2C_GenerateSTOP
 .text.I2C_AcknowledgeConfig
                0x08005634       0x40 Libraries\STM32F10x_StdPeriph_Driver\src\stm32f10x_i2c.o
                0x08005634                I2C_AcknowledgeConfig
 .text.I2C_SendData
                0x08005674       0x20 Libraries\STM32F10x_StdPeriph_Driver\src\stm32f10x_i2c.o
                0x08005674                I2C_SendData
 .text.I2C_ReceiveData
                0x08005694       0x1c Libraries\STM32F10x_StdPeriph_Driver\src\stm32f10x_i2c.o
                0x08005694                I2C_ReceiveData
 .text.I2C_Send7bitAddress
                0x080056b0       0x3c Libraries\STM32F10x_StdPeriph_Driver\src\stm32f10x_i2c.o
                0x080056b0                I2C_Send7bitAddress
 .text.I2C_NACKPositionConfig
                0x080056ec       0x40 Libraries\STM32F10x_StdPeriph_Driver\src\stm32f10x_i2c.o
                0x080056ec                I2C_NACKPositionConfig
 .text.I2C_CheckEvent
                0x0800572c       0x60 Libraries\STM32F10x_StdPeriph_Driver\src\stm32f10x_i2c.o
                0x0800572c                I2C_CheckEvent
 .text.I2C_GetFlagStatus
                0x0800578c       0x64 Libraries\STM32F10x_StdPeriph_Driver\src\stm32f10x_i2c.o
                0x0800578c                I2C_GetFlagStatus
 .text.RCC_GetClocksFreq
                0x080057f0      0x160 Libraries\STM32F10x_StdPeriph_Driver\src\stm32f10x_rcc.o
                0x080057f0                RCC_GetClocksFreq
 .text.TIM_ClearFlag
                0x08005950       0x20 Libraries\STM32F10x_StdPeriph_Driver\src\stm32f10x_tim.o
                0x08005950                TIM_ClearFlag
 .text.USART_Init
                0x08005970      0x174 Libraries\STM32F10x_StdPeriph_Driver\src\stm32f10x_usart.o
                0x08005970                USART_Init
 .text.USART_Cmd
                0x08005ae4       0x40 Libraries\STM32F10x_StdPeriph_Driver\src\stm32f10x_usart.o
                0x08005ae4                USART_Cmd
 .text.USART_SendData
                0x08005b24       0x24 Libraries\STM32F10x_StdPeriph_Driver\src\stm32f10x_usart.o
                0x08005b24                USART_SendData
 .text.USART_ReceiveData
                0x08005b48       0x20 Libraries\STM32F10x_StdPeriph_Driver\src\stm32f10x_usart.o
                0x08005b48                USART_ReceiveData
 .text.USART_GetFlagStatus
                0x08005b68       0x38 Libraries\STM32F10x_StdPeriph_Driver\src\stm32f10x_usart.o
                0x08005b68                USART_GetFlagStatus
 .text.USART_ClearFlag
                0x08005ba0       0x20 Libraries\STM32F10x_StdPeriph_Driver\src\stm32f10x_usart.o
                0x08005ba0                USART_ClearFlag
 .text.main     0x08005bc0        0xc src\main.o
                0x08005bc0                main
 .text.Reset_Handler
                0x08005bcc       0x50 src\startup_stm32f10x_md.o
                0x08005bcc                Reset_Handler
 .text.Default_Handler
                0x08005c1c        0x2 src\startup_stm32f10x_md.o
                0x08005c1c                EXTI2_IRQHandler
                0x08005c1c                TIM1_CC_IRQHandler
                0x08005c1c                PVD_IRQHandler
                0x08005c1c                EXTI3_IRQHandler
                0x08005c1c                EXTI0_IRQHandler
                0x08005c1c                I2C2_EV_IRQHandler
                0x08005c1c                ADC1_2_IRQHandler
                0x08005c1c                SPI1_IRQHandler
                0x08005c1c                TAMPER_IRQHandler
                0x08005c1c                DMA1_Channel4_IRQHandler
                0x08005c1c                USART3_IRQHandler
                0x08005c1c                RTC_IRQHandler
                0x08005c1c                DMA1_Channel7_IRQHandler
                0x08005c1c                CAN1_RX1_IRQHandler
                0x08005c1c                TIM4_IRQHandler
                0x08005c1c                I2C1_EV_IRQHandler
                0x08005c1c                DMA1_Channel6_IRQHandler
                0x08005c1c                TIM3_IRQHandler
                0x08005c1c                RCC_IRQHandler
                0x08005c1c                TIM1_TRG_COM_IRQHandler
                0x08005c1c                DMA1_Channel1_IRQHandler
                0x08005c1c                Default_Handler
                0x08005c1c                EXTI15_10_IRQHandler
                0x08005c1c                EXTI9_5_IRQHandler
                0x08005c1c                SPI2_IRQHandler
                0x08005c1c                DMA1_Channel5_IRQHandler
                0x08005c1c                EXTI4_IRQHandler
                0x08005c1c                USB_LP_CAN1_RX0_IRQHandler
                0x08005c1c                USB_HP_CAN1_TX_IRQHandler
                0x08005c1c                DMA1_Channel3_IRQHandler
                0x08005c1c                TIM1_UP_IRQHandler
                0x08005c1c                WWDG_IRQHandler
                0x08005c1c                TIM1_BRK_IRQHandler
                0x08005c1c                EXTI1_IRQHandler
                0x08005c1c                RTCAlarm_IRQHandler
                0x08005c1c                USART2_IRQHandler
                0x08005c1c                I2C2_ER_IRQHandler
                0x08005c1c                DMA1_Channel2_IRQHandler
                0x08005c1c                CAN1_SCE_IRQHandler
                0x08005c1c                FLASH_IRQHandler
                0x08005c1c                USART1_IRQHandler
                0x08005c1c                I2C1_ER_IRQHandler
                0x08005c1c                USBWakeUp_IRQHandler
 *fill*         0x08005c1e        0x2 
 .text.NMI_Handler
                0x08005c20        0xc src\stm32f1xx_it.o
                0x08005c20                NMI_Handler
 .text.HardFault_Handler
                0x08005c2c        0x8 src\stm32f1xx_it.o
                0x08005c2c                HardFault_Handler
 .text.MemManage_Handler
                0x08005c34        0x8 src\stm32f1xx_it.o
                0x08005c34                MemManage_Handler
 .text.BusFault_Handler
                0x08005c3c        0x8 src\stm32f1xx_it.o
                0x08005c3c                BusFault_Handler
 .text.UsageFault_Handler
                0x08005c44        0x8 src\stm32f1xx_it.o
                0x08005c44                UsageFault_Handler
 .text.SVC_Handler
                0x08005c4c        0xc src\stm32f1xx_it.o
                0x08005c4c                SVC_Handler
 .text.DebugMon_Handler
                0x08005c58        0xc src\stm32f1xx_it.o
                0x08005c58                DebugMon_Handler
 .text.PendSV_Handler
                0x08005c64        0xc src\stm32f1xx_it.o
                0x08005c64                PendSV_Handler
 .text.SysTick_Handler
                0x08005c70        0xc src\stm32f1xx_it.o
                0x08005c70                SysTick_Handler
 .text.SystemInit
                0x08005c7c       0x68 src\system_stm32f10x.o
                0x08005c7c                SystemInit
 .text.SetSysClock
                0x08005ce4        0xc src\system_stm32f10x.o
 .text.SetSysClockTo72
                0x08005cf0      0x100 src\system_stm32f10x.o
 .text.atoi     0x08005df0        0x8 d:/software installed/true studio/truestudio for arm 7.0.1/armtools/bin/../lib/gcc/arm-atollic-eabi/5.3.1/../../../../arm-atollic-eabi/lib/armv7-m\libc_nano.a(lib_a-atoi.o)
                0x08005df0                atoi
 .text.__libc_init_array
                0x08005df8       0x4c d:/software installed/true studio/truestudio for arm 7.0.1/armtools/bin/../lib/gcc/arm-atollic-eabi/5.3.1/../../../../arm-atollic-eabi/lib/armv7-m\libc_nano.a(lib_a-init.o)
                0x08005df8                __libc_init_array
 .text.__itoa   0x08005e44       0x2e d:/software installed/true studio/truestudio for arm 7.0.1/armtools/bin/../lib/gcc/arm-atollic-eabi/5.3.1/../../../../arm-atollic-eabi/lib/armv7-m\libc_nano.a(lib_a-itoa.o)
                0x08005e44                __itoa
 .text.itoa     0x08005e72        0x4 d:/software installed/true studio/truestudio for arm 7.0.1/armtools/bin/../lib/gcc/arm-atollic-eabi/5.3.1/../../../../arm-atollic-eabi/lib/armv7-m\libc_nano.a(lib_a-itoa.o)
                0x08005e72                itoa
 *fill*         0x08005e76        0x2 
 .text.srand    0x08005e78       0x50 d:/software installed/true studio/truestudio for arm 7.0.1/armtools/bin/../lib/gcc/arm-atollic-eabi/5.3.1/../../../../arm-atollic-eabi/lib/armv7-m\libc_nano.a(lib_a-rand.o)
                0x08005e78                srand
 .text.rand     0x08005ec8       0x74 d:/software installed/true studio/truestudio for arm 7.0.1/armtools/bin/../lib/gcc/arm-atollic-eabi/5.3.1/../../../../arm-atollic-eabi/lib/armv7-m\libc_nano.a(lib_a-rand.o)
                0x08005ec8                rand
 .text.strcat   0x08005f3c       0x1e d:/software installed/true studio/truestudio for arm 7.0.1/armtools/bin/../lib/gcc/arm-atollic-eabi/5.3.1/../../../../arm-atollic-eabi/lib/armv7-m\libc_nano.a(lib_a-strcat.o)
                0x08005f3c                strcat
 *fill*         0x08005f5a        0x2 
 .text._strtol_r
                0x08005f5c      0x10c d:/software installed/true studio/truestudio for arm 7.0.1/armtools/bin/../lib/gcc/arm-atollic-eabi/5.3.1/../../../../arm-atollic-eabi/lib/armv7-m\libc_nano.a(lib_a-strtol.o)
                0x08005f5c                _strtol_r
 .text.strtol   0x08006068       0x14 d:/software installed/true studio/truestudio for arm 7.0.1/armtools/bin/../lib/gcc/arm-atollic-eabi/5.3.1/../../../../arm-atollic-eabi/lib/armv7-m\libc_nano.a(lib_a-strtol.o)
                0x08006068                strtol
 .text.__utoa   0x0800607c       0x78 d:/software installed/true studio/truestudio for arm 7.0.1/armtools/bin/../lib/gcc/arm-atollic-eabi/5.3.1/../../../../arm-atollic-eabi/lib/armv7-m\libc_nano.a(lib_a-utoa.o)
                0x0800607c                __utoa
 .text.malloc   0x080060f4       0x10 d:/software installed/true studio/truestudio for arm 7.0.1/armtools/bin/../lib/gcc/arm-atollic-eabi/5.3.1/../../../../arm-atollic-eabi/lib/armv7-m\libc_nano.a(lib_a-malloc.o)
                0x080060f4                malloc
 .text._malloc_r
                0x08006104       0xbc d:/software installed/true studio/truestudio for arm 7.0.1/armtools/bin/../lib/gcc/arm-atollic-eabi/5.3.1/../../../../arm-atollic-eabi/lib/armv7-m\libc_nano.a(lib_a-nano-mallocr.o)
                0x08006104                _malloc_r
 .text._sbrk_r  0x080061c0       0x20 d:/software installed/true studio/truestudio for arm 7.0.1/armtools/bin/../lib/gcc/arm-atollic-eabi/5.3.1/../../../../arm-atollic-eabi/lib/armv7-m\libc_nano.a(lib_a-sbrkr.o)
                0x080061c0                _sbrk_r
 .text.__malloc_lock
                0x080061e0        0x2 d:/software installed/true studio/truestudio for arm 7.0.1/armtools/bin/../lib/gcc/arm-atollic-eabi/5.3.1/../../../../arm-atollic-eabi/lib/armv7-m\libc_nano.a(lib_a-mlock.o)
                0x080061e0                __malloc_lock
 .text.__malloc_unlock
                0x080061e2        0x2 d:/software installed/true studio/truestudio for arm 7.0.1/armtools/bin/../lib/gcc/arm-atollic-eabi/5.3.1/../../../../arm-atollic-eabi/lib/armv7-m\libc_nano.a(lib_a-mlock.o)
                0x080061e2                __malloc_unlock
 .text.pow      0x080061e4      0x2cc d:/software installed/true studio/truestudio for arm 7.0.1/armtools/bin/../lib/gcc/arm-atollic-eabi/5.3.1/../../../../arm-atollic-eabi/lib/armv7-m\libm.a(lib_a-w_pow.o)
                0x080061e4                pow
 .text.__ieee754_pow
                0x080064b0      0x9e8 d:/software installed/true studio/truestudio for arm 7.0.1/armtools/bin/../lib/gcc/arm-atollic-eabi/5.3.1/../../../../arm-atollic-eabi/lib/armv7-m\libm.a(lib_a-e_pow.o)
                0x080064b0                __ieee754_pow
 .text.__ieee754_sqrt
                0x08006e98      0x154 d:/software installed/true studio/truestudio for arm 7.0.1/armtools/bin/../lib/gcc/arm-atollic-eabi/5.3.1/../../../../arm-atollic-eabi/lib/armv7-m\libm.a(lib_a-e_sqrt.o)
                0x08006e98                __ieee754_sqrt
 .text.fabs     0x08006fec        0x6 d:/software installed/true studio/truestudio for arm 7.0.1/armtools/bin/../lib/gcc/arm-atollic-eabi/5.3.1/../../../../arm-atollic-eabi/lib/armv7-m\libm.a(lib_a-s_fabs.o)
                0x08006fec                fabs
 .text.finite   0x08006ff2        0xc d:/software installed/true studio/truestudio for arm 7.0.1/armtools/bin/../lib/gcc/arm-atollic-eabi/5.3.1/../../../../arm-atollic-eabi/lib/armv7-m\libm.a(lib_a-s_finite.o)
                0x08006ff2                finite
 .text.matherr  0x08006ffe        0x4 d:/software installed/true studio/truestudio for arm 7.0.1/armtools/bin/../lib/gcc/arm-atollic-eabi/5.3.1/../../../../arm-atollic-eabi/lib/armv7-m\libm.a(lib_a-s_matherr.o)
                0x08006ffe                matherr
 *fill*         0x08007002        0x2 
 .text.nan      0x08007004        0xc d:/software installed/true studio/truestudio for arm 7.0.1/armtools/bin/../lib/gcc/arm-atollic-eabi/5.3.1/../../../../arm-atollic-eabi/lib/armv7-m\libm.a(lib_a-s_nan.o)
                0x08007004                nan
 .text.rint     0x08007010      0x118 d:/software installed/true studio/truestudio for arm 7.0.1/armtools/bin/../lib/gcc/arm-atollic-eabi/5.3.1/../../../../arm-atollic-eabi/lib/armv7-m\libm.a(lib_a-s_rint.o)
                0x08007010                rint
 .text.scalbn   0x08007128       0xdc d:/software installed/true studio/truestudio for arm 7.0.1/armtools/bin/../lib/gcc/arm-atollic-eabi/5.3.1/../../../../arm-atollic-eabi/lib/armv7-m\libm.a(lib_a-s_scalbn.o)
                0x08007128                scalbn
 .text.copysign
                0x08007204        0xe d:/software installed/true studio/truestudio for arm 7.0.1/armtools/bin/../lib/gcc/arm-atollic-eabi/5.3.1/../../../../arm-atollic-eabi/lib/armv7-m\libm.a(lib_a-s_copysign.o)
                0x08007204                copysign
 *fill*         0x08007212        0x2 
 .text.__errno  0x08007214        0xc d:/software installed/true studio/truestudio for arm 7.0.1/armtools/bin/../lib/gcc/arm-atollic-eabi/5.3.1/../../../../arm-atollic-eabi/lib/armv7-m\libc_nano.a(lib_a-errno.o)
                0x08007214                __errno
 .text._sbrk    0x08007220       0x1c d:/software installed/true studio/truestudio for arm 7.0.1/armtools/bin/../lib/gcc/arm-atollic-eabi/5.3.1/../../../../arm-atollic-eabi/lib/armv7-m\libnosys.a(sbrk.o)
                0x08007220                _sbrk
 *(.glue_7)
 .glue_7        0x0800723c        0x0 linker stubs
 *(.glue_7t)
 .glue_7t       0x0800723c        0x0 linker stubs
 *(.eh_frame)
 .eh_frame      0x0800723c        0x0 d:/software installed/true studio/truestudio for arm 7.0.1/armtools/bin/../lib/gcc/arm-atollic-eabi/5.3.1/armv7-m/crtbegin.o
 *(.init)
 .init          0x0800723c        0x4 d:/software installed/true studio/truestudio for arm 7.0.1/armtools/bin/../lib/gcc/arm-atollic-eabi/5.3.1/armv7-m/crti.o
                0x0800723c                _init
 .init          0x08007240        0x8 d:/software installed/true studio/truestudio for arm 7.0.1/armtools/bin/../lib/gcc/arm-atollic-eabi/5.3.1/armv7-m/crtn.o
 *(.fini)
 .fini          0x08007248        0x4 d:/software installed/true studio/truestudio for arm 7.0.1/armtools/bin/../lib/gcc/arm-atollic-eabi/5.3.1/armv7-m/crti.o
                0x08007248                _fini
 .fini          0x0800724c        0x8 d:/software installed/true studio/truestudio for arm 7.0.1/armtools/bin/../lib/gcc/arm-atollic-eabi/5.3.1/armv7-m/crtn.o
                0x08007254                . = ALIGN (0x4)
                0x08007254                _etext = .

.vfp11_veneer   0x08007254        0x0
 .vfp11_veneer  0x08007254        0x0 linker stubs

.v4_bx          0x08007254        0x0
 .v4_bx         0x08007254        0x0 linker stubs

.iplt           0x08007254        0x0
 .iplt          0x08007254        0x0 d:/software installed/true studio/truestudio for arm 7.0.1/armtools/bin/../lib/gcc/arm-atollic-eabi/5.3.1/armv7-m/crtbegin.o

.rodata         0x08007258      0x450
                0x08007258                . = ALIGN (0x4)
 *(.rodata)
 .rodata        0x08007258      0x2e1 Libraries\My Library\Chicken_Func.o
 *(.rodata*)
 .rodata.str1.1
                0x08007539       0x25 d:/software installed/true studio/truestudio for arm 7.0.1/armtools/bin/../lib/gcc/arm-atollic-eabi/5.3.1/../../../../arm-atollic-eabi/lib/armv7-m\libc_nano.a(lib_a-utoa.o)
 .rodata._ctype_
                0x0800755e      0x101 d:/software installed/true studio/truestudio for arm 7.0.1/armtools/bin/../lib/gcc/arm-atollic-eabi/5.3.1/../../../../arm-atollic-eabi/lib/armv7-m\libc_nano.a(lib_a-ctype_.o)
                0x0800755e                _ctype_
 .rodata.str1.1
                0x0800765f        0x2 d:/software installed/true studio/truestudio for arm 7.0.1/armtools/bin/../lib/gcc/arm-atollic-eabi/5.3.1/../../../../arm-atollic-eabi/lib/armv7-m\libc_nano.a(lib_a-impure.o)
 .rodata.str1.1
                0x08007661        0x4 d:/software installed/true studio/truestudio for arm 7.0.1/armtools/bin/../lib/gcc/arm-atollic-eabi/5.3.1/../../../../arm-atollic-eabi/lib/armv7-m\libm.a(lib_a-w_pow.o)
 *fill*         0x08007665        0x3 
 .rodata.dp_h   0x08007668       0x10 d:/software installed/true studio/truestudio for arm 7.0.1/armtools/bin/../lib/gcc/arm-atollic-eabi/5.3.1/../../../../arm-atollic-eabi/lib/armv7-m\libm.a(lib_a-e_pow.o)
 .rodata.dp_l   0x08007678       0x10 d:/software installed/true studio/truestudio for arm 7.0.1/armtools/bin/../lib/gcc/arm-atollic-eabi/5.3.1/../../../../arm-atollic-eabi/lib/armv7-m\libm.a(lib_a-e_pow.o)
 .rodata.str1.1
                0x08007688        0x4 d:/software installed/true studio/truestudio for arm 7.0.1/armtools/bin/../lib/gcc/arm-atollic-eabi/5.3.1/../../../../arm-atollic-eabi/lib/armv7-m\libm.a(lib_a-e_pow.o)
                                  0x1 (size before relaxing)
 .rodata.bp     0x08007688       0x10 d:/software installed/true studio/truestudio for arm 7.0.1/armtools/bin/../lib/gcc/arm-atollic-eabi/5.3.1/../../../../arm-atollic-eabi/lib/armv7-m\libm.a(lib_a-e_pow.o)
 .rodata.TWO52  0x08007698       0x10 d:/software installed/true studio/truestudio for arm 7.0.1/armtools/bin/../lib/gcc/arm-atollic-eabi/5.3.1/../../../../arm-atollic-eabi/lib/armv7-m\libm.a(lib_a-s_rint.o)
                0x080076a8                . = ALIGN (0x4)

.rel.dyn        0x080076a8        0x0
 .rel.iplt      0x080076a8        0x0 d:/software installed/true studio/truestudio for arm 7.0.1/armtools/bin/../lib/gcc/arm-atollic-eabi/5.3.1/armv7-m/crtbegin.o

.ARM.extab
 *(.ARM.extab* .gnu.linkonce.armextab.*)

.ARM            0x080076a8        0x0
                0x080076a8                __exidx_start = .
 *(.ARM.exidx*)
                0x080076a8                __exidx_end = .

.preinit_array  0x080076a8        0x0
                0x080076a8                PROVIDE (__preinit_array_start, .)
 *(.preinit_array*)
                0x080076a8                PROVIDE (__preinit_array_end, .)

.init_array     0x080076a8        0x4
                0x080076a8                PROVIDE (__init_array_start, .)
 *(SORT(.init_array.*))
 *(.init_array*)
 .init_array    0x080076a8        0x4 d:/software installed/true studio/truestudio for arm 7.0.1/armtools/bin/../lib/gcc/arm-atollic-eabi/5.3.1/armv7-m/crtbegin.o
                0x080076ac                PROVIDE (__init_array_end, .)

.fini_array     0x080076ac        0x4
                [!provide]                PROVIDE (__fini_array_start, .)
 *(SORT(.fini_array.*))
 *(.fini_array*)
 .fini_array    0x080076ac        0x4 d:/software installed/true studio/truestudio for arm 7.0.1/armtools/bin/../lib/gcc/arm-atollic-eabi/5.3.1/armv7-m/crtbegin.o
                [!provide]                PROVIDE (__fini_array_end, .)
                0x080076b0                _sidata = LOADADDR (.data)

.data           0x20000000       0x80 load address 0x080076b0
                0x20000000                . = ALIGN (0x4)
                0x20000000                _sdata = .
 *(.data)
 *(.data*)
 .data.APBAHBPrescTable
                0x20000000       0x10 Libraries\STM32F10x_StdPeriph_Driver\src\stm32f10x_rcc.o
 .data.ADCPrescTable
                0x20000010        0x4 Libraries\STM32F10x_StdPeriph_Driver\src\stm32f10x_rcc.o
 .data.__ctype_ptr__
                0x20000014        0x4 d:/software installed/true studio/truestudio for arm 7.0.1/armtools/bin/../lib/gcc/arm-atollic-eabi/5.3.1/../../../../arm-atollic-eabi/lib/armv7-m\libc_nano.a(lib_a-ctype_.o)
                0x20000014                __ctype_ptr__
 .data.impure_data
                0x20000018       0x60 d:/software installed/true studio/truestudio for arm 7.0.1/armtools/bin/../lib/gcc/arm-atollic-eabi/5.3.1/../../../../arm-atollic-eabi/lib/armv7-m\libc_nano.a(lib_a-impure.o)
 .data._impure_ptr
                0x20000078        0x4 d:/software installed/true studio/truestudio for arm 7.0.1/armtools/bin/../lib/gcc/arm-atollic-eabi/5.3.1/../../../../arm-atollic-eabi/lib/armv7-m\libc_nano.a(lib_a-impure.o)
                0x20000078                _impure_ptr
 .data.__fdlib_version
                0x2000007c        0x1 d:/software installed/true studio/truestudio for arm 7.0.1/armtools/bin/../lib/gcc/arm-atollic-eabi/5.3.1/../../../../arm-atollic-eabi/lib/armv7-m\libm.a(lib_a-s_lib_ver.o)
                0x2000007c                __fdlib_version
                0x20000080                . = ALIGN (0x4)
 *fill*         0x2000007d        0x3 
                0x20000080                _edata = .

.igot.plt       0x20000080        0x0 load address 0x08007730
 .igot.plt      0x20000080        0x0 d:/software installed/true studio/truestudio for arm 7.0.1/armtools/bin/../lib/gcc/arm-atollic-eabi/5.3.1/armv7-m/crtbegin.o
                0x20000080                . = ALIGN (0x4)

.bss            0x20000080       0xfc load address 0x08007730
                0x20000080                _sbss = .
                0x20000080                __bss_start__ = _sbss
 *(.bss)
 .bss           0x20000080       0x1c d:/software installed/true studio/truestudio for arm 7.0.1/armtools/bin/../lib/gcc/arm-atollic-eabi/5.3.1/armv7-m/crtbegin.o
 *(.bss*)
 .bss.LengthTimeStartIncubator
                0x2000009c        0x1 Libraries\My Library\Chicken_Func.o
                0x2000009c                LengthTimeStartIncubator
 *fill*         0x2000009d        0x1 
 .bss.SaveSecond
                0x2000009e        0x2 Libraries\My Library\Chicken_Func.o
                0x2000009e                SaveSecond
 .bss.__malloc_sbrk_start
                0x200000a0        0x4 d:/software installed/true studio/truestudio for arm 7.0.1/armtools/bin/../lib/gcc/arm-atollic-eabi/5.3.1/../../../../arm-atollic-eabi/lib/armv7-m\libc_nano.a(lib_a-nano-mallocr.o)
                0x200000a0                __malloc_sbrk_start
 .bss.__malloc_free_list
                0x200000a4        0x4 d:/software installed/true studio/truestudio for arm 7.0.1/armtools/bin/../lib/gcc/arm-atollic-eabi/5.3.1/../../../../arm-atollic-eabi/lib/armv7-m\libc_nano.a(lib_a-nano-mallocr.o)
                0x200000a4                __malloc_free_list
 .bss.heap_end.4167
                0x200000a8        0x4 d:/software installed/true studio/truestudio for arm 7.0.1/armtools/bin/../lib/gcc/arm-atollic-eabi/5.3.1/../../../../arm-atollic-eabi/lib/armv7-m\libnosys.a(sbrk.o)
 *(COMMON)
 COMMON         0x200000ac       0xc8 Libraries\My Library\Chicken_Func.o
                0x200000ac                I2C1_Init
                0x200000bc                LCD_PIN
                0x200000d4                DS3231_WriteAlarm1
                0x200000dc                DS3231_WriteAlarm2
                0x200000e0                GooseInfo
                0x200000f0                DS3231_ReadDate
                0x200000f8                TimeStartIncubator
                0x20000100                DuckInfo
                0x20000110                QuailInfo
                0x20000120                MainEggInfo
                0x20000130                HenInfo
                0x20000140                QuailBHInfo
                0x20000150                DS3231_WriteDate
                0x20000158                DS3231_ReadAlarm1
                0x20000160                DS3231_ReadAlarm2
                0x20000164                TurkeyInfo
 COMMON         0x20000174        0x1 Libraries\My Library\RCC.o
                0x20000174                Src_SYS
 *fill*         0x20000175        0x3 
 COMMON         0x20000178        0x4 d:/software installed/true studio/truestudio for arm 7.0.1/armtools/bin/../lib/gcc/arm-atollic-eabi/5.3.1/../../../../arm-atollic-eabi/lib/armv7-m\libc_nano.a(lib_a-reent.o)
                0x20000178                errno
                0x2000017c                . = ALIGN (0x4)
                0x2000017c                _ebss = .
                0x2000017c                __bss_end__ = _ebss

._user_heap_stack
                0x2000017c      0x100 load address 0x08007730
                0x2000017c                . = ALIGN (0x4)
                0x2000017c                PROVIDE (end, .)
                [!provide]                PROVIDE (_end, .)
                0x2000017c                . = (. + _Min_Heap_Size)
                0x2000027c                . = (. + _Min_Stack_Size)
 *fill*         0x2000017c      0x100 
                0x2000027c                . = ALIGN (0x4)

.memory_b1_text
 *(.mb1text)
 *(.mb1text*)
 *(.mb1rodata)
 *(.mb1rodata*)

/DISCARD/
 libc.a(*)
 libm.a(*)
 libgcc.a(*)

.ARM.attributes
                0x00000000       0x29
 *(.ARM.attributes)
 .ARM.attributes
                0x00000000       0x1d d:/software installed/true studio/truestudio for arm 7.0.1/armtools/bin/../lib/gcc/arm-atollic-eabi/5.3.1/armv7-m/crti.o
 .ARM.attributes
                0x0000001d       0x2d d:/software installed/true studio/truestudio for arm 7.0.1/armtools/bin/../lib/gcc/arm-atollic-eabi/5.3.1/armv7-m/crtbegin.o
 .ARM.attributes
                0x0000004a       0x33 Libraries\My Library\AT24C02.o
 .ARM.attributes
                0x0000007d       0x33 Libraries\My Library\Chicken_Func.o
 .ARM.attributes
                0x000000b0       0x33 Libraries\My Library\DS3231.o
 .ARM.attributes
                0x000000e3       0x33 Libraries\My Library\GPIO.o
 .ARM.attributes
                0x00000116       0x33 Libraries\My Library\IWDG.o
 .ARM.attributes
                0x00000149       0x33 Libraries\My Library\LCD.o
 .ARM.attributes
                0x0000017c       0x33 Libraries\My Library\RCC.o
 .ARM.attributes
                0x000001af       0x33 Libraries\My Library\TIMER.o
 .ARM.attributes
                0x000001e2       0x33 Libraries\My Library\USART.o
 .ARM.attributes
                0x00000215       0x33 Libraries\My Library\sht2x.o
 .ARM.attributes
                0x00000248       0x33 Libraries\STM32F10x_StdPeriph_Driver\src\stm32f10x_i2c.o
 .ARM.attributes
                0x0000027b       0x33 Libraries\STM32F10x_StdPeriph_Driver\src\stm32f10x_rcc.o
 .ARM.attributes
                0x000002ae       0x33 Libraries\STM32F10x_StdPeriph_Driver\src\stm32f10x_tim.o
 .ARM.attributes
                0x000002e1       0x33 Libraries\STM32F10x_StdPeriph_Driver\src\stm32f10x_usart.o
 .ARM.attributes
                0x00000314       0x33 src\main.o
 .ARM.attributes
                0x00000347       0x21 src\startup_stm32f10x_md.o
 .ARM.attributes
                0x00000368       0x33 src\stm32f1xx_it.o
 .ARM.attributes
                0x0000039b       0x33 src\system_stm32f10x.o
 .ARM.attributes
                0x000003ce       0x2d d:/software installed/true studio/truestudio for arm 7.0.1/armtools/bin/../lib/gcc/arm-atollic-eabi/5.3.1/../../../../arm-atollic-eabi/lib/armv7-m\libc_nano.a(lib_a-atoi.o)
 .ARM.attributes
                0x000003fb       0x2d d:/software installed/true studio/truestudio for arm 7.0.1/armtools/bin/../lib/gcc/arm-atollic-eabi/5.3.1/../../../../arm-atollic-eabi/lib/armv7-m\libc_nano.a(lib_a-init.o)
 .ARM.attributes
                0x00000428       0x2d d:/software installed/true studio/truestudio for arm 7.0.1/armtools/bin/../lib/gcc/arm-atollic-eabi/5.3.1/../../../../arm-atollic-eabi/lib/armv7-m\libc_nano.a(lib_a-itoa.o)
 .ARM.attributes
                0x00000455       0x2d d:/software installed/true studio/truestudio for arm 7.0.1/armtools/bin/../lib/gcc/arm-atollic-eabi/5.3.1/../../../../arm-atollic-eabi/lib/armv7-m\libc_nano.a(lib_a-rand.o)
 .ARM.attributes
                0x00000482       0x2d d:/software installed/true studio/truestudio for arm 7.0.1/armtools/bin/../lib/gcc/arm-atollic-eabi/5.3.1/../../../../arm-atollic-eabi/lib/armv7-m\libc_nano.a(lib_a-strcat.o)
 .ARM.attributes
                0x000004af       0x1b d:/software installed/true studio/truestudio for arm 7.0.1/armtools/bin/../lib/gcc/arm-atollic-eabi/5.3.1/../../../../arm-atollic-eabi/lib/armv7-m\libc_nano.a(lib_a-strcmp.o)
 .ARM.attributes
                0x000004ca       0x17 d:/software installed/true studio/truestudio for arm 7.0.1/armtools/bin/../lib/gcc/arm-atollic-eabi/5.3.1/../../../../arm-atollic-eabi/lib/armv7-m\libc_nano.a(lib_a-strlen.o)
 .ARM.attributes
                0x000004e1       0x2d d:/software installed/true studio/truestudio for arm 7.0.1/armtools/bin/../lib/gcc/arm-atollic-eabi/5.3.1/../../../../arm-atollic-eabi/lib/armv7-m\libc_nano.a(lib_a-strtol.o)
 .ARM.attributes
                0x0000050e       0x2d d:/software installed/true studio/truestudio for arm 7.0.1/armtools/bin/../lib/gcc/arm-atollic-eabi/5.3.1/../../../../arm-atollic-eabi/lib/armv7-m\libc_nano.a(lib_a-utoa.o)
 .ARM.attributes
                0x0000053b       0x2d d:/software installed/true studio/truestudio for arm 7.0.1/armtools/bin/../lib/gcc/arm-atollic-eabi/5.3.1/../../../../arm-atollic-eabi/lib/armv7-m\libc_nano.a(lib_a-ctype_.o)
 .ARM.attributes
                0x00000568       0x2d d:/software installed/true studio/truestudio for arm 7.0.1/armtools/bin/../lib/gcc/arm-atollic-eabi/5.3.1/../../../../arm-atollic-eabi/lib/armv7-m\libc_nano.a(lib_a-impure.o)
 .ARM.attributes
                0x00000595       0x2d d:/software installed/true studio/truestudio for arm 7.0.1/armtools/bin/../lib/gcc/arm-atollic-eabi/5.3.1/../../../../arm-atollic-eabi/lib/armv7-m\libc_nano.a(lib_a-malloc.o)
 .ARM.attributes
                0x000005c2       0x2d d:/software installed/true studio/truestudio for arm 7.0.1/armtools/bin/../lib/gcc/arm-atollic-eabi/5.3.1/../../../../arm-atollic-eabi/lib/armv7-m\libc_nano.a(lib_a-nano-mallocr.o)
 .ARM.attributes
                0x000005ef       0x2d d:/software installed/true studio/truestudio for arm 7.0.1/armtools/bin/../lib/gcc/arm-atollic-eabi/5.3.1/../../../../arm-atollic-eabi/lib/armv7-m\libc_nano.a(lib_a-sbrkr.o)
 .ARM.attributes
                0x0000061c       0x2d d:/software installed/true studio/truestudio for arm 7.0.1/armtools/bin/../lib/gcc/arm-atollic-eabi/5.3.1/../../../../arm-atollic-eabi/lib/armv7-m\libc_nano.a(lib_a-mlock.o)
 .ARM.attributes
                0x00000649       0x2d d:/software installed/true studio/truestudio for arm 7.0.1/armtools/bin/../lib/gcc/arm-atollic-eabi/5.3.1/../../../../arm-atollic-eabi/lib/armv7-m\libc_nano.a(lib_a-reent.o)
 .ARM.attributes
                0x00000676       0x2d d:/software installed/true studio/truestudio for arm 7.0.1/armtools/bin/../lib/gcc/arm-atollic-eabi/5.3.1/../../../../arm-atollic-eabi/lib/armv7-m\libm.a(lib_a-w_pow.o)
 .ARM.attributes
                0x000006a3       0x2d d:/software installed/true studio/truestudio for arm 7.0.1/armtools/bin/../lib/gcc/arm-atollic-eabi/5.3.1/../../../../arm-atollic-eabi/lib/armv7-m\libm.a(lib_a-e_pow.o)
 .ARM.attributes
                0x000006d0       0x2d d:/software installed/true studio/truestudio for arm 7.0.1/armtools/bin/../lib/gcc/arm-atollic-eabi/5.3.1/../../../../arm-atollic-eabi/lib/armv7-m\libm.a(lib_a-e_sqrt.o)
 .ARM.attributes
                0x000006fd       0x2d d:/software installed/true studio/truestudio for arm 7.0.1/armtools/bin/../lib/gcc/arm-atollic-eabi/5.3.1/../../../../arm-atollic-eabi/lib/armv7-m\libm.a(lib_a-s_fabs.o)
 .ARM.attributes
                0x0000072a       0x2d d:/software installed/true studio/truestudio for arm 7.0.1/armtools/bin/../lib/gcc/arm-atollic-eabi/5.3.1/../../../../arm-atollic-eabi/lib/armv7-m\libm.a(lib_a-s_finite.o)
 .ARM.attributes
                0x00000757       0x2d d:/software installed/true studio/truestudio for arm 7.0.1/armtools/bin/../lib/gcc/arm-atollic-eabi/5.3.1/../../../../arm-atollic-eabi/lib/armv7-m\libm.a(lib_a-s_lib_ver.o)
 .ARM.attributes
                0x00000784       0x2d d:/software installed/true studio/truestudio for arm 7.0.1/armtools/bin/../lib/gcc/arm-atollic-eabi/5.3.1/../../../../arm-atollic-eabi/lib/armv7-m\libm.a(lib_a-s_matherr.o)
 .ARM.attributes
                0x000007b1       0x2d d:/software installed/true studio/truestudio for arm 7.0.1/armtools/bin/../lib/gcc/arm-atollic-eabi/5.3.1/../../../../arm-atollic-eabi/lib/armv7-m\libm.a(lib_a-s_nan.o)
 .ARM.attributes
                0x000007de       0x2d d:/software installed/true studio/truestudio for arm 7.0.1/armtools/bin/../lib/gcc/arm-atollic-eabi/5.3.1/../../../../arm-atollic-eabi/lib/armv7-m\libm.a(lib_a-s_rint.o)
 .ARM.attributes
                0x0000080b       0x2d d:/software installed/true studio/truestudio for arm 7.0.1/armtools/bin/../lib/gcc/arm-atollic-eabi/5.3.1/../../../../arm-atollic-eabi/lib/armv7-m\libm.a(lib_a-s_scalbn.o)
 .ARM.attributes
                0x00000838       0x2d d:/software installed/true studio/truestudio for arm 7.0.1/armtools/bin/../lib/gcc/arm-atollic-eabi/5.3.1/../../../../arm-atollic-eabi/lib/armv7-m\libm.a(lib_a-s_copysign.o)
 .ARM.attributes
                0x00000865       0x2d d:/software installed/true studio/truestudio for arm 7.0.1/armtools/bin/../lib/gcc/arm-atollic-eabi/5.3.1/../../../../arm-atollic-eabi/lib/armv7-m\libc_nano.a(lib_a-errno.o)
 .ARM.attributes
                0x00000892       0x1d d:/software installed/true studio/truestudio for arm 7.0.1/armtools/bin/../lib/gcc/arm-atollic-eabi/5.3.1/armv7-m\libgcc.a(_arm_addsubdf3.o)
 .ARM.attributes
                0x000008af       0x1d d:/software installed/true studio/truestudio for arm 7.0.1/armtools/bin/../lib/gcc/arm-atollic-eabi/5.3.1/armv7-m\libgcc.a(_arm_muldivdf3.o)
 .ARM.attributes
                0x000008cc       0x1d d:/software installed/true studio/truestudio for arm 7.0.1/armtools/bin/../lib/gcc/arm-atollic-eabi/5.3.1/armv7-m\libgcc.a(_arm_cmpdf2.o)
 .ARM.attributes
                0x000008e9       0x1d d:/software installed/true studio/truestudio for arm 7.0.1/armtools/bin/../lib/gcc/arm-atollic-eabi/5.3.1/armv7-m\libgcc.a(_arm_unorddf2.o)
 .ARM.attributes
                0x00000906       0x1d d:/software installed/true studio/truestudio for arm 7.0.1/armtools/bin/../lib/gcc/arm-atollic-eabi/5.3.1/armv7-m\libgcc.a(_arm_truncdfsf2.o)
 .ARM.attributes
                0x00000923       0x1d d:/software installed/true studio/truestudio for arm 7.0.1/armtools/bin/../lib/gcc/arm-atollic-eabi/5.3.1/armv7-m\libgcc.a(_arm_addsubsf3.o)
 .ARM.attributes
                0x00000940       0x1d d:/software installed/true studio/truestudio for arm 7.0.1/armtools/bin/../lib/gcc/arm-atollic-eabi/5.3.1/armv7-m\libgcc.a(_arm_muldivsf3.o)
 .ARM.attributes
                0x0000095d       0x1d d:/software installed/true studio/truestudio for arm 7.0.1/armtools/bin/../lib/gcc/arm-atollic-eabi/5.3.1/armv7-m\libgcc.a(_arm_cmpsf2.o)
 .ARM.attributes
                0x0000097a       0x1d d:/software installed/true studio/truestudio for arm 7.0.1/armtools/bin/../lib/gcc/arm-atollic-eabi/5.3.1/armv7-m\libgcc.a(_arm_fixsfsi.o)
 .ARM.attributes
                0x00000997       0x1d d:/software installed/true studio/truestudio for arm 7.0.1/armtools/bin/../lib/gcc/arm-atollic-eabi/5.3.1/armv7-m\libgcc.a(_arm_fixunssfsi.o)
 .ARM.attributes
                0x000009b4       0x2d d:/software installed/true studio/truestudio for arm 7.0.1/armtools/bin/../lib/gcc/arm-atollic-eabi/5.3.1/../../../../arm-atollic-eabi/lib/armv7-m\libnosys.a(sbrk.o)
 .ARM.attributes
                0x000009e1       0x1d d:/software installed/true studio/truestudio for arm 7.0.1/armtools/bin/../lib/gcc/arm-atollic-eabi/5.3.1/armv7-m/crtn.o
OUTPUT(Chicken_Device.elf elf32-littlearm)

.debug_info     0x00000000     0x791f
 .debug_info    0x00000000      0x2a0 Libraries\My Library\AT24C02.o
 .debug_info    0x000002a0     0x1399 Libraries\My Library\Chicken_Func.o
 .debug_info    0x00001639      0x50f Libraries\My Library\DS3231.o
 .debug_info    0x00001b48      0x347 Libraries\My Library\GPIO.o
 .debug_info    0x00001e8f      0x1c8 Libraries\My Library\IWDG.o
 .debug_info    0x00002057      0x39b Libraries\My Library\LCD.o
 .debug_info    0x000023f2      0x2d8 Libraries\My Library\RCC.o
 .debug_info    0x000026ca      0x577 Libraries\My Library\TIMER.o
 .debug_info    0x00002c41      0x4d3 Libraries\My Library\USART.o
 .debug_info    0x00003114      0x2df Libraries\My Library\sht2x.o
 .debug_info    0x000033f3      0xb10 Libraries\STM32F10x_StdPeriph_Driver\src\stm32f10x_i2c.o
 .debug_info    0x00003f03      0x8a7 Libraries\STM32F10x_StdPeriph_Driver\src\stm32f10x_rcc.o
 .debug_info    0x000047aa     0x1c64 Libraries\STM32F10x_StdPeriph_Driver\src\stm32f10x_tim.o
 .debug_info    0x0000640e      0x9f4 Libraries\STM32F10x_StdPeriph_Driver\src\stm32f10x_usart.o
 .debug_info    0x00006e02      0x4c6 src\main.o
 .debug_info    0x000072c8       0x84 src\startup_stm32f10x_md.o
 .debug_info    0x0000734c      0x133 src\stm32f1xx_it.o
 .debug_info    0x0000747f      0x4a0 src\system_stm32f10x.o

.debug_abbrev   0x00000000     0x1443
 .debug_abbrev  0x00000000       0xfc Libraries\My Library\AT24C02.o
 .debug_abbrev  0x000000fc      0x287 Libraries\My Library\Chicken_Func.o
 .debug_abbrev  0x00000383      0x163 Libraries\My Library\DS3231.o
 .debug_abbrev  0x000004e6       0xbf Libraries\My Library\GPIO.o
 .debug_abbrev  0x000005a5       0xc6 Libraries\My Library\IWDG.o
 .debug_abbrev  0x0000066b       0xe0 Libraries\My Library\LCD.o
 .debug_abbrev  0x0000074b      0x102 Libraries\My Library\RCC.o
 .debug_abbrev  0x0000084d      0x150 Libraries\My Library\TIMER.o
 .debug_abbrev  0x0000099d       0xf1 Libraries\My Library\USART.o
 .debug_abbrev  0x00000a8e       0xfc Libraries\My Library\sht2x.o
 .debug_abbrev  0x00000b8a      0x168 Libraries\STM32F10x_StdPeriph_Driver\src\stm32f10x_i2c.o
 .debug_abbrev  0x00000cf2      0x1be Libraries\STM32F10x_StdPeriph_Driver\src\stm32f10x_rcc.o
 .debug_abbrev  0x00000eb0      0x1b4 Libraries\STM32F10x_StdPeriph_Driver\src\stm32f10x_tim.o
 .debug_abbrev  0x00001064      0x166 Libraries\STM32F10x_StdPeriph_Driver\src\stm32f10x_usart.o
 .debug_abbrev  0x000011ca       0xb0 src\main.o
 .debug_abbrev  0x0000127a       0x12 src\startup_stm32f10x_md.o
 .debug_abbrev  0x0000128c       0x67 src\stm32f1xx_it.o
 .debug_abbrev  0x000012f3      0x150 src\system_stm32f10x.o

.debug_aranges  0x00000000      0xb38
 .debug_aranges
                0x00000000       0x28 Libraries\My Library\AT24C02.o
 .debug_aranges
                0x00000028      0x100 Libraries\My Library\Chicken_Func.o
 .debug_aranges
                0x00000128       0x58 Libraries\My Library\DS3231.o
 .debug_aranges
                0x00000180       0x80 Libraries\My Library\GPIO.o
 .debug_aranges
                0x00000200       0x28 Libraries\My Library\IWDG.o
 .debug_aranges
                0x00000228       0x68 Libraries\My Library\LCD.o
 .debug_aranges
                0x00000290       0x70 Libraries\My Library\RCC.o
 .debug_aranges
                0x00000300       0x70 Libraries\My Library\TIMER.o
 .debug_aranges
                0x00000370       0x90 Libraries\My Library\USART.o
 .debug_aranges
                0x00000400       0x30 Libraries\My Library\sht2x.o
 .debug_aranges
                0x00000430      0x120 Libraries\STM32F10x_StdPeriph_Driver\src\stm32f10x_i2c.o
 .debug_aranges
                0x00000550      0x118 Libraries\STM32F10x_StdPeriph_Driver\src\stm32f10x_rcc.o
 .debug_aranges
                0x00000668      0x2f0 Libraries\STM32F10x_StdPeriph_Driver\src\stm32f10x_tim.o
 .debug_aranges
                0x00000958      0x100 Libraries\STM32F10x_StdPeriph_Driver\src\stm32f10x_usart.o
 .debug_aranges
                0x00000a58       0x20 src\main.o
 .debug_aranges
                0x00000a78       0x28 src\startup_stm32f10x_md.o
 .debug_aranges
                0x00000aa0       0x60 src\stm32f1xx_it.o
 .debug_aranges
                0x00000b00       0x38 src\system_stm32f10x.o

.debug_ranges   0x00000000      0xa20
 .debug_ranges  0x00000000       0x18 Libraries\My Library\AT24C02.o
 .debug_ranges  0x00000018       0xf0 Libraries\My Library\Chicken_Func.o
 .debug_ranges  0x00000108       0x48 Libraries\My Library\DS3231.o
 .debug_ranges  0x00000150       0x70 Libraries\My Library\GPIO.o
 .debug_ranges  0x000001c0       0x18 Libraries\My Library\IWDG.o
 .debug_ranges  0x000001d8       0x58 Libraries\My Library\LCD.o
 .debug_ranges  0x00000230       0x60 Libraries\My Library\RCC.o
 .debug_ranges  0x00000290       0x60 Libraries\My Library\TIMER.o
 .debug_ranges  0x000002f0       0x80 Libraries\My Library\USART.o
 .debug_ranges  0x00000370       0x20 Libraries\My Library\sht2x.o
 .debug_ranges  0x00000390      0x110 Libraries\STM32F10x_StdPeriph_Driver\src\stm32f10x_i2c.o
 .debug_ranges  0x000004a0      0x108 Libraries\STM32F10x_StdPeriph_Driver\src\stm32f10x_rcc.o
 .debug_ranges  0x000005a8      0x2e0 Libraries\STM32F10x_StdPeriph_Driver\src\stm32f10x_tim.o
 .debug_ranges  0x00000888       0xf0 Libraries\STM32F10x_StdPeriph_Driver\src\stm32f10x_usart.o
 .debug_ranges  0x00000978       0x10 src\main.o
 .debug_ranges  0x00000988       0x20 src\startup_stm32f10x_md.o
 .debug_ranges  0x000009a8       0x50 src\stm32f1xx_it.o
 .debug_ranges  0x000009f8       0x28 src\system_stm32f10x.o

.debug_line     0x00000000     0x4614
 .debug_line    0x00000000      0x22f Libraries\My Library\AT24C02.o
 .debug_line    0x0000022f      0x6da Libraries\My Library\Chicken_Func.o
 .debug_line    0x00000909      0x5be Libraries\My Library\DS3231.o
 .debug_line    0x00000ec7      0x4a6 Libraries\My Library\GPIO.o
 .debug_line    0x0000136d      0x1e7 Libraries\My Library\IWDG.o
 .debug_line    0x00001554      0x1ec Libraries\My Library\LCD.o
 .debug_line    0x00001740      0x3e2 Libraries\My Library\RCC.o
 .debug_line    0x00001b22      0x418 Libraries\My Library\TIMER.o
 .debug_line    0x00001f3a      0x3c0 Libraries\My Library\USART.o
 .debug_line    0x000022fa      0x2af Libraries\My Library\sht2x.o
 .debug_line    0x000025a9      0x4ea Libraries\STM32F10x_StdPeriph_Driver\src\stm32f10x_i2c.o
 .debug_line    0x00002a93      0x4d0 Libraries\STM32F10x_StdPeriph_Driver\src\stm32f10x_rcc.o
 .debug_line    0x00002f63      0xb55 Libraries\STM32F10x_StdPeriph_Driver\src\stm32f10x_tim.o
 .debug_line    0x00003ab8      0x4b7 Libraries\STM32F10x_StdPeriph_Driver\src\stm32f10x_usart.o
 .debug_line    0x00003f6f      0x206 src\main.o
 .debug_line    0x00004175       0x7c src\startup_stm32f10x_md.o
 .debug_line    0x000041f1      0x1ed src\stm32f1xx_it.o
 .debug_line    0x000043de      0x236 src\system_stm32f10x.o

.debug_str      0x00000000     0x2a3f
 .debug_str     0x00000000      0x24a Libraries\My Library\AT24C02.o
                                0x2b2 (size before relaxing)
 .debug_str     0x0000024a      0xb00 Libraries\My Library\Chicken_Func.o
                                0xda1 (size before relaxing)
 .debug_str     0x00000d4a       0xd1 Libraries\My Library\DS3231.o
                                0x3db (size before relaxing)
 .debug_str     0x00000e1b       0xc9 Libraries\My Library\GPIO.o
                                0x26c (size before relaxing)
 .debug_str     0x00000ee4       0x80 Libraries\My Library\IWDG.o
                                0x223 (size before relaxing)
 .debug_str     0x00000f64       0x8b Libraries\My Library\LCD.o
                                0x2f3 (size before relaxing)
 .debug_str     0x00000fef       0xca Libraries\My Library\RCC.o
                                0x2b9 (size before relaxing)
 .debug_str     0x000010b9       0xca Libraries\My Library\TIMER.o
                                0x39e (size before relaxing)
 .debug_str     0x00001183       0xfc Libraries\My Library\USART.o
                                0x33d (size before relaxing)
 .debug_str     0x0000127f       0x48 Libraries\My Library\sht2x.o
                                0x297 (size before relaxing)
 .debug_str     0x000012c7      0x3ef Libraries\STM32F10x_StdPeriph_Driver\src\stm32f10x_i2c.o
                                0x6c6 (size before relaxing)
 .debug_str     0x000016b6      0x391 Libraries\STM32F10x_StdPeriph_Driver\src\stm32f10x_rcc.o
                                0x67a (size before relaxing)
 .debug_str     0x00001a47      0xac3 Libraries\STM32F10x_StdPeriph_Driver\src\stm32f10x_tim.o
                                0xe3d (size before relaxing)
 .debug_str     0x0000250a      0x39d Libraries\STM32F10x_StdPeriph_Driver\src\stm32f10x_usart.o
                                0x6f0 (size before relaxing)
 .debug_str     0x000028a7       0x13 src\main.o
                                0x4a2 (size before relaxing)
 .debug_str     0x000028ba       0xa6 src\stm32f1xx_it.o
                                0x22b (size before relaxing)
 .debug_str     0x00002960       0xdf src\system_stm32f10x.o
                                0x32b (size before relaxing)

.comment        0x00000000       0x7e
 .comment       0x00000000       0x7e Libraries\My Library\AT24C02.o
                                 0x7f (size before relaxing)
 .comment       0x0000007e       0x7f Libraries\My Library\Chicken_Func.o
 .comment       0x0000007e       0x7f Libraries\My Library\DS3231.o
 .comment       0x0000007e       0x7f Libraries\My Library\GPIO.o
 .comment       0x0000007e       0x7f Libraries\My Library\IWDG.o
 .comment       0x0000007e       0x7f Libraries\My Library\LCD.o
 .comment       0x0000007e       0x7f Libraries\My Library\RCC.o
 .comment       0x0000007e       0x7f Libraries\My Library\TIMER.o
 .comment       0x0000007e       0x7f Libraries\My Library\USART.o
 .comment       0x0000007e       0x7f Libraries\My Library\sht2x.o
 .comment       0x0000007e       0x7f Libraries\STM32F10x_StdPeriph_Driver\src\stm32f10x_i2c.o
 .comment       0x0000007e       0x7f Libraries\STM32F10x_StdPeriph_Driver\src\stm32f10x_rcc.o
 .comment       0x0000007e       0x7f Libraries\STM32F10x_StdPeriph_Driver\src\stm32f10x_tim.o
 .comment       0x0000007e       0x7f Libraries\STM32F10x_StdPeriph_Driver\src\stm32f10x_usart.o
 .comment       0x0000007e       0x7f src\main.o
 .comment       0x0000007e       0x7f src\stm32f1xx_it.o
 .comment       0x0000007e       0x7f src\system_stm32f10x.o

.debug_frame    0x00000000     0x3378
 .debug_frame   0x00000000       0x58 Libraries\My Library\AT24C02.o
 .debug_frame   0x00000058      0x428 Libraries\My Library\Chicken_Func.o
 .debug_frame   0x00000480      0x130 Libraries\My Library\DS3231.o
 .debug_frame   0x000005b0      0x21c Libraries\My Library\GPIO.o
 .debug_frame   0x000007cc       0x58 Libraries\My Library\IWDG.o
 .debug_frame   0x00000824      0x17c Libraries\My Library\LCD.o
 .debug_frame   0x000009a0      0x1ac Libraries\My Library\RCC.o
 .debug_frame   0x00000b4c      0x1bc Libraries\My Library\TIMER.o
 .debug_frame   0x00000d08      0x268 Libraries\My Library\USART.o
 .debug_frame   0x00000f70       0x80 Libraries\My Library\sht2x.o
 .debug_frame   0x00000ff0      0x530 Libraries\STM32F10x_StdPeriph_Driver\src\stm32f10x_i2c.o
 .debug_frame   0x00001520      0x4f4 Libraries\STM32F10x_StdPeriph_Driver\src\stm32f10x_rcc.o
 .debug_frame   0x00001a14      0xe2c Libraries\STM32F10x_StdPeriph_Driver\src\stm32f10x_tim.o
 .debug_frame   0x00002840      0x490 Libraries\STM32F10x_StdPeriph_Driver\src\stm32f10x_usart.o
 .debug_frame   0x00002cd0       0x2c src\main.o
 .debug_frame   0x00002cfc      0x110 src\stm32f1xx_it.o
 .debug_frame   0x00002e0c       0x98 src\system_stm32f10x.o
 .debug_frame   0x00002ea4       0x30 d:/software installed/true studio/truestudio for arm 7.0.1/armtools/bin/../lib/gcc/arm-atollic-eabi/5.3.1/../../../../arm-atollic-eabi/lib/armv7-m\libc_nano.a(lib_a-atoi.o)
 .debug_frame   0x00002ed4       0x2c d:/software installed/true studio/truestudio for arm 7.0.1/armtools/bin/../lib/gcc/arm-atollic-eabi/5.3.1/../../../../arm-atollic-eabi/lib/armv7-m\libc_nano.a(lib_a-init.o)
 .debug_frame   0x00002f00       0x38 d:/software installed/true studio/truestudio for arm 7.0.1/armtools/bin/../lib/gcc/arm-atollic-eabi/5.3.1/../../../../arm-atollic-eabi/lib/armv7-m\libc_nano.a(lib_a-itoa.o)
 .debug_frame   0x00002f38       0x44 d:/software installed/true studio/truestudio for arm 7.0.1/armtools/bin/../lib/gcc/arm-atollic-eabi/5.3.1/../../../../arm-atollic-eabi/lib/armv7-m\libc_nano.a(lib_a-rand.o)
 .debug_frame   0x00002f7c       0x28 d:/software installed/true studio/truestudio for arm 7.0.1/armtools/bin/../lib/gcc/arm-atollic-eabi/5.3.1/../../../../arm-atollic-eabi/lib/armv7-m\libc_nano.a(lib_a-strcat.o)
 .debug_frame   0x00002fa4       0x20 d:/software installed/true studio/truestudio for arm 7.0.1/armtools/bin/../lib/gcc/arm-atollic-eabi/5.3.1/../../../../arm-atollic-eabi/lib/armv7-m\libc_nano.a(lib_a-strcmp.o)
 .debug_frame   0x00002fc4       0x44 d:/software installed/true studio/truestudio for arm 7.0.1/armtools/bin/../lib/gcc/arm-atollic-eabi/5.3.1/../../../../arm-atollic-eabi/lib/armv7-m\libc_nano.a(lib_a-strtol.o)
 .debug_frame   0x00003008       0x44 d:/software installed/true studio/truestudio for arm 7.0.1/armtools/bin/../lib/gcc/arm-atollic-eabi/5.3.1/../../../../arm-atollic-eabi/lib/armv7-m\libc_nano.a(lib_a-utoa.o)
 .debug_frame   0x0000304c       0x30 d:/software installed/true studio/truestudio for arm 7.0.1/armtools/bin/../lib/gcc/arm-atollic-eabi/5.3.1/../../../../arm-atollic-eabi/lib/armv7-m\libc_nano.a(lib_a-malloc.o)
 .debug_frame   0x0000307c       0x2c d:/software installed/true studio/truestudio for arm 7.0.1/armtools/bin/../lib/gcc/arm-atollic-eabi/5.3.1/../../../../arm-atollic-eabi/lib/armv7-m\libc_nano.a(lib_a-nano-mallocr.o)
 .debug_frame   0x000030a8       0x2c d:/software installed/true studio/truestudio for arm 7.0.1/armtools/bin/../lib/gcc/arm-atollic-eabi/5.3.1/../../../../arm-atollic-eabi/lib/armv7-m\libc_nano.a(lib_a-sbrkr.o)
 .debug_frame   0x000030d4       0x30 d:/software installed/true studio/truestudio for arm 7.0.1/armtools/bin/../lib/gcc/arm-atollic-eabi/5.3.1/../../../../arm-atollic-eabi/lib/armv7-m\libc_nano.a(lib_a-mlock.o)
 .debug_frame   0x00003104       0x5c d:/software installed/true studio/truestudio for arm 7.0.1/armtools/bin/../lib/gcc/arm-atollic-eabi/5.3.1/../../../../arm-atollic-eabi/lib/armv7-m\libc_nano.a(lib_a-reent.o)
 .debug_frame   0x00003160       0x40 d:/software installed/true studio/truestudio for arm 7.0.1/armtools/bin/../lib/gcc/arm-atollic-eabi/5.3.1/../../../../arm-atollic-eabi/lib/armv7-m\libm.a(lib_a-w_pow.o)
 .debug_frame   0x000031a0       0x64 d:/software installed/true studio/truestudio for arm 7.0.1/armtools/bin/../lib/gcc/arm-atollic-eabi/5.3.1/../../../../arm-atollic-eabi/lib/armv7-m\libm.a(lib_a-e_pow.o)
 .debug_frame   0x00003204       0x30 d:/software installed/true studio/truestudio for arm 7.0.1/armtools/bin/../lib/gcc/arm-atollic-eabi/5.3.1/../../../../arm-atollic-eabi/lib/armv7-m\libm.a(lib_a-e_sqrt.o)
 .debug_frame   0x00003234       0x20 d:/software installed/true studio/truestudio for arm 7.0.1/armtools/bin/../lib/gcc/arm-atollic-eabi/5.3.1/../../../../arm-atollic-eabi/lib/armv7-m\libm.a(lib_a-s_fabs.o)
 .debug_frame   0x00003254       0x20 d:/software installed/true studio/truestudio for arm 7.0.1/armtools/bin/../lib/gcc/arm-atollic-eabi/5.3.1/../../../../arm-atollic-eabi/lib/armv7-m\libm.a(lib_a-s_finite.o)
 .debug_frame   0x00003274       0x20 d:/software installed/true studio/truestudio for arm 7.0.1/armtools/bin/../lib/gcc/arm-atollic-eabi/5.3.1/../../../../arm-atollic-eabi/lib/armv7-m\libm.a(lib_a-s_matherr.o)
 .debug_frame   0x00003294       0x20 d:/software installed/true studio/truestudio for arm 7.0.1/armtools/bin/../lib/gcc/arm-atollic-eabi/5.3.1/../../../../arm-atollic-eabi/lib/armv7-m\libm.a(lib_a-s_nan.o)
 .debug_frame   0x000032b4       0x34 d:/software installed/true studio/truestudio for arm 7.0.1/armtools/bin/../lib/gcc/arm-atollic-eabi/5.3.1/../../../../arm-atollic-eabi/lib/armv7-m\libm.a(lib_a-s_rint.o)
 .debug_frame   0x000032e8       0x30 d:/software installed/true studio/truestudio for arm 7.0.1/armtools/bin/../lib/gcc/arm-atollic-eabi/5.3.1/../../../../arm-atollic-eabi/lib/armv7-m\libm.a(lib_a-s_scalbn.o)
 .debug_frame   0x00003318       0x20 d:/software installed/true studio/truestudio for arm 7.0.1/armtools/bin/../lib/gcc/arm-atollic-eabi/5.3.1/../../../../arm-atollic-eabi/lib/armv7-m\libm.a(lib_a-s_copysign.o)
 .debug_frame   0x00003338       0x20 d:/software installed/true studio/truestudio for arm 7.0.1/armtools/bin/../lib/gcc/arm-atollic-eabi/5.3.1/../../../../arm-atollic-eabi/lib/armv7-m\libc_nano.a(lib_a-errno.o)
 .debug_frame   0x00003358       0x20 d:/software installed/true studio/truestudio for arm 7.0.1/armtools/bin/../lib/gcc/arm-atollic-eabi/5.3.1/../../../../arm-atollic-eabi/lib/armv7-m\libnosys.a(sbrk.o)

.stabstr        0x00000000       0x3f
 .stabstr       0x00000000       0x3f d:/software installed/true studio/truestudio for arm 7.0.1/armtools/bin/../lib/gcc/arm-atollic-eabi/5.3.1/../../../../arm-atollic-eabi/lib/armv7-m\libnosys.a(write.o)

Cross Reference Table

Symbol                                            File
ADC1_2_IRQHandler                                 src\startup_stm32f10x_md.o
ADC1_Init                                         Libraries\My Library\ADC.o
ADC1_Injected_Init                                Libraries\My Library\ADC.o
ADC1_Regular_Init                                 Libraries\My Library\ADC.o
ADC1_Start_Regular                                Libraries\My Library\ADC.o
ADC2_Init                                         Libraries\My Library\ADC.o
ADC2_Injected_Init                                Libraries\My Library\ADC.o
ADC2_Regular_Init                                 Libraries\My Library\ADC.o
ADC2_Start_Regular                                Libraries\My Library\ADC.o
ADC_AnalogWatchdogCmd                             Libraries\STM32F10x_StdPeriph_Driver\src\stm32f10x_adc.o
ADC_AnalogWatchdogSingleChannelConfig             Libraries\STM32F10x_StdPeriph_Driver\src\stm32f10x_adc.o
ADC_AnalogWatchdogThresholdsConfig                Libraries\STM32F10x_StdPeriph_Driver\src\stm32f10x_adc.o
ADC_AutoInjectedConvCmd                           Libraries\STM32F10x_StdPeriph_Driver\src\stm32f10x_adc.o
ADC_ClearFlag                                     Libraries\STM32F10x_StdPeriph_Driver\src\stm32f10x_adc.o
ADC_ClearITPendingBit                             Libraries\STM32F10x_StdPeriph_Driver\src\stm32f10x_adc.o
ADC_Cmd                                           Libraries\STM32F10x_StdPeriph_Driver\src\stm32f10x_adc.o
ADC_DMACmd                                        Libraries\STM32F10x_StdPeriph_Driver\src\stm32f10x_adc.o
ADC_DeInit                                        Libraries\STM32F10x_StdPeriph_Driver\src\stm32f10x_adc.o
ADC_DiscModeChannelCountConfig                    Libraries\STM32F10x_StdPeriph_Driver\src\stm32f10x_adc.o
ADC_DiscModeCmd                                   Libraries\STM32F10x_StdPeriph_Driver\src\stm32f10x_adc.o
ADC_ExternalTrigConvCmd                           Libraries\STM32F10x_StdPeriph_Driver\src\stm32f10x_adc.o
ADC_ExternalTrigInjectedConvCmd                   Libraries\STM32F10x_StdPeriph_Driver\src\stm32f10x_adc.o
ADC_ExternalTrigInjectedConvConfig                Libraries\STM32F10x_StdPeriph_Driver\src\stm32f10x_adc.o
ADC_GetCalibrationStatus                          Libraries\STM32F10x_StdPeriph_Driver\src\stm32f10x_adc.o
ADC_GetConversionValue                            Libraries\STM32F10x_StdPeriph_Driver\src\stm32f10x_adc.o
ADC_GetDualModeConversionValue                    Libraries\STM32F10x_StdPeriph_Driver\src\stm32f10x_adc.o
ADC_GetFlagStatus                                 Libraries\STM32F10x_StdPeriph_Driver\src\stm32f10x_adc.o
ADC_GetITStatus                                   Libraries\STM32F10x_StdPeriph_Driver\src\stm32f10x_adc.o
ADC_GetInjectedConversionValue                    Libraries\STM32F10x_StdPeriph_Driver\src\stm32f10x_adc.o
ADC_GetResetCalibrationStatus                     Libraries\STM32F10x_StdPeriph_Driver\src\stm32f10x_adc.o
ADC_GetSoftwareStartConvStatus                    Libraries\STM32F10x_StdPeriph_Driver\src\stm32f10x_adc.o
ADC_GetSoftwareStartInjectedConvCmdStatus         Libraries\STM32F10x_StdPeriph_Driver\src\stm32f10x_adc.o
ADC_ITConfig                                      Libraries\STM32F10x_StdPeriph_Driver\src\stm32f10x_adc.o
ADC_Init                                          Libraries\STM32F10x_StdPeriph_Driver\src\stm32f10x_adc.o
ADC_InjectedChannelConfig                         Libraries\STM32F10x_StdPeriph_Driver\src\stm32f10x_adc.o
ADC_InjectedDiscModeCmd                           Libraries\STM32F10x_StdPeriph_Driver\src\stm32f10x_adc.o
ADC_InjectedSequencerLengthConfig                 Libraries\STM32F10x_StdPeriph_Driver\src\stm32f10x_adc.o
ADC_ON                                            Libraries\My Library\ADC.o
ADC_RegularChannelConfig                          Libraries\STM32F10x_StdPeriph_Driver\src\stm32f10x_adc.o
ADC_ResetCalibration                              Libraries\STM32F10x_StdPeriph_Driver\src\stm32f10x_adc.o
ADC_SetInjectedOffset                             Libraries\STM32F10x_StdPeriph_Driver\src\stm32f10x_adc.o
ADC_SoftwareStartConvCmd                          Libraries\STM32F10x_StdPeriph_Driver\src\stm32f10x_adc.o
ADC_SoftwareStartInjectedConvCmd                  Libraries\STM32F10x_StdPeriph_Driver\src\stm32f10x_adc.o
ADC_StartCalibration                              Libraries\STM32F10x_StdPeriph_Driver\src\stm32f10x_adc.o
ADC_StructInit                                    Libraries\STM32F10x_StdPeriph_Driver\src\stm32f10x_adc.o
ADC_TempSensorVrefintCmd                          Libraries\STM32F10x_StdPeriph_Driver\src\stm32f10x_adc.o
AHBPrescTable                                     src\system_stm32f10x.o
AHB_Div                                           Libraries\My Library\RCC.o
                                                  Libraries\My Library\Chicken_Func.o
APB1_APB2_Div                                     Libraries\My Library\RCC.o
                                                  Libraries\My Library\Chicken_Func.o
AT24C02_Read                                      Libraries\My Library\AT24C02.o
                                                  Libraries\My Library\Chicken_Func.o
AT24C02_Write                                     Libraries\My Library\AT24C02.o
                                                  Libraries\My Library\Chicken_Func.o
BKP_ClearFlag                                     Libraries\STM32F10x_StdPeriph_Driver\src\stm32f10x_bkp.o
BKP_ClearITPendingBit                             Libraries\STM32F10x_StdPeriph_Driver\src\stm32f10x_bkp.o
BKP_DeInit                                        Libraries\STM32F10x_StdPeriph_Driver\src\stm32f10x_bkp.o
BKP_GetFlagStatus                                 Libraries\STM32F10x_StdPeriph_Driver\src\stm32f10x_bkp.o
BKP_GetITStatus                                   Libraries\STM32F10x_StdPeriph_Driver\src\stm32f10x_bkp.o
BKP_ITConfig                                      Libraries\STM32F10x_StdPeriph_Driver\src\stm32f10x_bkp.o
BKP_RTCOutputConfig                               Libraries\STM32F10x_StdPeriph_Driver\src\stm32f10x_bkp.o
BKP_ReadBackupRegister                            Libraries\STM32F10x_StdPeriph_Driver\src\stm32f10x_bkp.o
BKP_SetRTCCalibrationValue                        Libraries\STM32F10x_StdPeriph_Driver\src\stm32f10x_bkp.o
BKP_TamperPinCmd                                  Libraries\STM32F10x_StdPeriph_Driver\src\stm32f10x_bkp.o
BKP_TamperPinLevelConfig                          Libraries\STM32F10x_StdPeriph_Driver\src\stm32f10x_bkp.o
BKP_WriteBackupRegister                           Libraries\STM32F10x_StdPeriph_Driver\src\stm32f10x_bkp.o
BusFault_Handler                                  src\stm32f1xx_it.o
                                                  src\startup_stm32f10x_md.o
CAN1_RX1_IRQHandler                               src\startup_stm32f10x_md.o
CAN1_SCE_IRQHandler                               src\startup_stm32f10x_md.o
CAN_CancelTransmit                                Libraries\STM32F10x_StdPeriph_Driver\src\stm32f10x_can.o
CAN_ClearFlag                                     Libraries\STM32F10x_StdPeriph_Driver\src\stm32f10x_can.o
CAN_ClearITPendingBit                             Libraries\STM32F10x_StdPeriph_Driver\src\stm32f10x_can.o
CAN_DBGFreeze                                     Libraries\STM32F10x_StdPeriph_Driver\src\stm32f10x_can.o
CAN_DeInit                                        Libraries\STM32F10x_StdPeriph_Driver\src\stm32f10x_can.o
CAN_FIFORelease                                   Libraries\STM32F10x_StdPeriph_Driver\src\stm32f10x_can.o
CAN_FilterInit                                    Libraries\STM32F10x_StdPeriph_Driver\src\stm32f10x_can.o
CAN_GetFlagStatus                                 Libraries\STM32F10x_StdPeriph_Driver\src\stm32f10x_can.o
CAN_GetITStatus                                   Libraries\STM32F10x_StdPeriph_Driver\src\stm32f10x_can.o
CAN_GetLSBTransmitErrorCounter                    Libraries\STM32F10x_StdPeriph_Driver\src\stm32f10x_can.o
CAN_GetLastErrorCode                              Libraries\STM32F10x_StdPeriph_Driver\src\stm32f10x_can.o
CAN_GetReceiveErrorCounter                        Libraries\STM32F10x_StdPeriph_Driver\src\stm32f10x_can.o
CAN_ITConfig                                      Libraries\STM32F10x_StdPeriph_Driver\src\stm32f10x_can.o
CAN_Init                                          Libraries\STM32F10x_StdPeriph_Driver\src\stm32f10x_can.o
CAN_MessagePending                                Libraries\STM32F10x_StdPeriph_Driver\src\stm32f10x_can.o
CAN_OperatingModeRequest                          Libraries\STM32F10x_StdPeriph_Driver\src\stm32f10x_can.o
CAN_Receive                                       Libraries\STM32F10x_StdPeriph_Driver\src\stm32f10x_can.o
CAN_SlaveStartBank                                Libraries\STM32F10x_StdPeriph_Driver\src\stm32f10x_can.o
CAN_Sleep                                         Libraries\STM32F10x_StdPeriph_Driver\src\stm32f10x_can.o
CAN_StructInit                                    Libraries\STM32F10x_StdPeriph_Driver\src\stm32f10x_can.o
CAN_TTComModeCmd                                  Libraries\STM32F10x_StdPeriph_Driver\src\stm32f10x_can.o
CAN_Transmit                                      Libraries\STM32F10x_StdPeriph_Driver\src\stm32f10x_can.o
CAN_TransmitStatus                                Libraries\STM32F10x_StdPeriph_Driver\src\stm32f10x_can.o
CAN_WakeUp                                        Libraries\STM32F10x_StdPeriph_Driver\src\stm32f10x_can.o
CEC_ClearFlag                                     Libraries\STM32F10x_StdPeriph_Driver\src\stm32f10x_cec.o
CEC_ClearITPendingBit                             Libraries\STM32F10x_StdPeriph_Driver\src\stm32f10x_cec.o
CEC_Cmd                                           Libraries\STM32F10x_StdPeriph_Driver\src\stm32f10x_cec.o
CEC_DeInit                                        Libraries\STM32F10x_StdPeriph_Driver\src\stm32f10x_cec.o
CEC_EndOfMessageCmd                               Libraries\STM32F10x_StdPeriph_Driver\src\stm32f10x_cec.o
CEC_GetFlagStatus                                 Libraries\STM32F10x_StdPeriph_Driver\src\stm32f10x_cec.o
CEC_GetITStatus                                   Libraries\STM32F10x_StdPeriph_Driver\src\stm32f10x_cec.o
CEC_ITConfig                                      Libraries\STM32F10x_StdPeriph_Driver\src\stm32f10x_cec.o
CEC_Init                                          Libraries\STM32F10x_StdPeriph_Driver\src\stm32f10x_cec.o
CEC_OwnAddressConfig                              Libraries\STM32F10x_StdPeriph_Driver\src\stm32f10x_cec.o
CEC_ReceiveDataByte                               Libraries\STM32F10x_StdPeriph_Driver\src\stm32f10x_cec.o
CEC_SendDataByte                                  Libraries\STM32F10x_StdPeriph_Driver\src\stm32f10x_cec.o
CEC_SetPrescaler                                  Libraries\STM32F10x_StdPeriph_Driver\src\stm32f10x_cec.o
CEC_StartOfMessage                                Libraries\STM32F10x_StdPeriph_Driver\src\stm32f10x_cec.o
CRC_CalcBlockCRC                                  Libraries\STM32F10x_StdPeriph_Driver\src\stm32f10x_crc.o
CRC_CalcCRC                                       Libraries\STM32F10x_StdPeriph_Driver\src\stm32f10x_crc.o
CRC_GetCRC                                        Libraries\STM32F10x_StdPeriph_Driver\src\stm32f10x_crc.o
CRC_GetIDRegister                                 Libraries\STM32F10x_StdPeriph_Driver\src\stm32f10x_crc.o
CRC_ResetDR                                       Libraries\STM32F10x_StdPeriph_Driver\src\stm32f10x_crc.o
CRC_SetIDRegister                                 Libraries\STM32F10x_StdPeriph_Driver\src\stm32f10x_crc.o
Chicken_CalculateNextDay                          Libraries\My Library\Chicken_Func.o
Chicken_CalculateTypePeriod                       Libraries\My Library\Chicken_Func.o
Chicken_ControlTempFan                            Libraries\My Library\Chicken_Func.o
Chicken_ControlTempHeater                         Libraries\My Library\Chicken_Func.o
Chicken_Core                                      Libraries\My Library\Chicken_Func.o
                                                  src\main.o
Chicken_Delay                                     Libraries\My Library\Chicken_Func.o
Chicken_EggInfo                                   Libraries\My Library\Chicken_Func.o
Chicken_Init                                      Libraries\My Library\Chicken_Func.o
Chicken_MainMenu                                  Libraries\My Library\Chicken_Func.o
Chicken_MenuConfigDate                            Libraries\My Library\Chicken_Func.o
Chicken_MenuEggSelect                             Libraries\My Library\Chicken_Func.o
Chicken_MenuStartIncubator                        Libraries\My Library\Chicken_Func.o
Chicken_Monitoring                                Libraries\My Library\Chicken_Func.o
Chicken_MonitoringHumiTemp                        Libraries\My Library\Chicken_Func.o
Chicken_MonitoringTimeNow                         Libraries\My Library\Chicken_Func.o
Chicken_MonitoringTimeStartIncubator              Libraries\My Library\Chicken_Func.o
Chicken_MonitoringTimeStopIncubator               Libraries\My Library\Chicken_Func.o
Chicken_MonitoringTypePeriod                      Libraries\My Library\Chicken_Func.o
Chicken_SelectEgg                                 Libraries\My Library\Chicken_Func.o
Chicken_SetAlarmNextDay                           Libraries\My Library\Chicken_Func.o
DAC_Cmd                                           Libraries\STM32F10x_StdPeriph_Driver\src\stm32f10x_dac.o
DAC_DMACmd                                        Libraries\STM32F10x_StdPeriph_Driver\src\stm32f10x_dac.o
DAC_DeInit                                        Libraries\STM32F10x_StdPeriph_Driver\src\stm32f10x_dac.o
DAC_DualSoftwareTriggerCmd                        Libraries\STM32F10x_StdPeriph_Driver\src\stm32f10x_dac.o
DAC_GetDataOutputValue                            Libraries\STM32F10x_StdPeriph_Driver\src\stm32f10x_dac.o
DAC_Init                                          Libraries\STM32F10x_StdPeriph_Driver\src\stm32f10x_dac.o
DAC_SetChannel1Data                               Libraries\STM32F10x_StdPeriph_Driver\src\stm32f10x_dac.o
DAC_SetChannel2Data                               Libraries\STM32F10x_StdPeriph_Driver\src\stm32f10x_dac.o
DAC_SetDualChannelData                            Libraries\STM32F10x_StdPeriph_Driver\src\stm32f10x_dac.o
DAC_SoftwareTriggerCmd                            Libraries\STM32F10x_StdPeriph_Driver\src\stm32f10x_dac.o
DAC_StructInit                                    Libraries\STM32F10x_StdPeriph_Driver\src\stm32f10x_dac.o
DAC_WaveGenerationCmd                             Libraries\STM32F10x_StdPeriph_Driver\src\stm32f10x_dac.o
DBGMCU_Config                                     Libraries\STM32F10x_StdPeriph_Driver\src\stm32f10x_dbgmcu.o
DBGMCU_GetDEVID                                   Libraries\STM32F10x_StdPeriph_Driver\src\stm32f10x_dbgmcu.o
DBGMCU_GetREVID                                   Libraries\STM32F10x_StdPeriph_Driver\src\stm32f10x_dbgmcu.o
DMA1_Channel1_IRQHandler                          src\startup_stm32f10x_md.o
DMA1_Channel2_IRQHandler                          src\startup_stm32f10x_md.o
DMA1_Channel3_IRQHandler                          src\startup_stm32f10x_md.o
DMA1_Channel4_IRQHandler                          src\startup_stm32f10x_md.o
DMA1_Channel5_IRQHandler                          src\startup_stm32f10x_md.o
DMA1_Channel6_IRQHandler                          src\startup_stm32f10x_md.o
DMA1_Channel7_IRQHandler                          src\startup_stm32f10x_md.o
DMA_ClearFlag                                     Libraries\STM32F10x_StdPeriph_Driver\src\stm32f10x_dma.o
DMA_ClearITPendingBit                             Libraries\STM32F10x_StdPeriph_Driver\src\stm32f10x_dma.o
DMA_Cmd                                           Libraries\STM32F10x_StdPeriph_Driver\src\stm32f10x_dma.o
DMA_DeInit                                        Libraries\STM32F10x_StdPeriph_Driver\src\stm32f10x_dma.o
DMA_GetCurrDataCounter                            Libraries\STM32F10x_StdPeriph_Driver\src\stm32f10x_dma.o
DMA_GetFlagStatus                                 Libraries\STM32F10x_StdPeriph_Driver\src\stm32f10x_dma.o
DMA_GetITStatus                                   Libraries\STM32F10x_StdPeriph_Driver\src\stm32f10x_dma.o
DMA_ITConfig                                      Libraries\STM32F10x_StdPeriph_Driver\src\stm32f10x_dma.o
DMA_Init                                          Libraries\STM32F10x_StdPeriph_Driver\src\stm32f10x_dma.o
DMA_SetCurrDataCounter                            Libraries\STM32F10x_StdPeriph_Driver\src\stm32f10x_dma.o
DMA_StructInit                                    Libraries\STM32F10x_StdPeriph_Driver\src\stm32f10x_dma.o
DS3231_ClearFlag                                  Libraries\My Library\DS3231.o
                                                  Libraries\My Library\Chicken_Func.o
DS3231_GetAlarm1                                  Libraries\My Library\DS3231.o
                                                  Libraries\My Library\Chicken_Func.o
DS3231_GetAlarm2                                  Libraries\My Library\DS3231.o
DS3231_ReadAlarm1                                 src\main.o
                                                  Libraries\My Library\DS3231.o
                                                  Libraries\My Library\Chicken_Func.o
DS3231_ReadAlarm2                                 src\main.o
                                                  Libraries\My Library\DS3231.o
                                                  Libraries\My Library\Chicken_Func.o
DS3231_ReadDate                                   src\main.o
                                                  Libraries\My Library\DS3231.o
                                                  Libraries\My Library\Chicken_Func.o
DS3231_ReadDateTime                               Libraries\My Library\DS3231.o
                                                  Libraries\My Library\Chicken_Func.o
DS3231_ReadFlag                                   Libraries\My Library\DS3231.o
                                                  Libraries\My Library\Chicken_Func.o
DS3231_SetAlarm1                                  Libraries\My Library\DS3231.o
                                                  Libraries\My Library\Chicken_Func.o
DS3231_SetAlarm2                                  Libraries\My Library\DS3231.o
DS3231_WriteAlarm1                                src\main.o
                                                  Libraries\My Library\DS3231.o